
[
    {
        "key": "/proc/cmdline",
        "content": [
            "BOOT_IMAGE=/live/vmlinuz initrd=/live/initrd.img boot=live config live-media=removable nopersistence noprompt timezone=Etc/UTC block.events_dfl_poll_msecs=1000 splash noautologin module=Tails slab_nomerge slub_debug=FZP mce=0 vsyscall=none page_poison=1 init_on_free=1 mds=full,nosmt FSUUID=8AE7-831B quiet"
        ]
    },
    {
        "key": "/usr/sbin/dmidecode -s system-manufacturer",
        "content": [
            "Dell Inc."
        ]
    },
    {
        "key": "/usr/sbin/dmidecode -s system-product-name",
        "content": [
            "Inspiron 3542"
        ]
    },
    {
        "key": "/usr/sbin/dmidecode -s system-version",
        "content": [
            "Not Specified"
        ]
    },
    {
        "key": "/usr/bin/lspci -nn",
        "content": [
            "00:00.0 Host bridge [0600]: Intel Corporation Haswell-ULT DRAM Controller [8086:0a04] (rev 0b)",
            "00:02.0 VGA compatible controller [0300]: Intel Corporation Haswell-ULT Integrated Graphics Controller [8086:0a16] (rev 0b)",
            "00:03.0 Audio device [0403]: Intel Corporation Haswell-ULT HD Audio Controller [8086:0a0c] (rev 0b)",
            "00:14.0 USB controller [0c03]: Intel Corporation 8 Series USB xHCI HC [8086:9c31] (rev 04)",
            "00:16.0 Communication controller [0780]: Intel Corporation 8 Series HECI #0 [8086:9c3a] (rev 04)",
            "00:1b.0 Audio device [0403]: Intel Corporation 8 Series HD Audio Controller [8086:9c20] (rev 04)",
            "00:1c.0 PCI bridge [0604]: Intel Corporation 8 Series PCI Express Root Port 1 [8086:9c10] (rev e4)",
            "00:1c.2 PCI bridge [0604]: Intel Corporation 8 Series PCI Express Root Port 3 [8086:9c14] (rev e4)",
            "00:1c.3 PCI bridge [0604]: Intel Corporation 8 Series PCI Express Root Port 4 [8086:9c16] (rev e4)",
            "00:1d.0 USB controller [0c03]: Intel Corporation 8 Series USB EHCI #1 [8086:9c26] (rev 04)",
            "00:1f.0 ISA bridge [0601]: Intel Corporation 8 Series LPC Controller [8086:9c45] (rev 04)",
            "00:1f.2 SATA controller [0106]: Intel Corporation 8 Series SATA Controller 1 [AHCI mode] [8086:9c03] (rev 04)",
            "00:1f.3 SMBus [0c05]: Intel Corporation 8 Series SMBus Controller [8086:9c22] (rev 04)",
            "06:00.0 Network controller [0280]: Qualcomm Atheros QCA9565 / AR9565 Wireless Network Adapter [168c:0036] (rev 01)",
            "07:00.0 Ethernet controller [0200]: Realtek Semiconductor Co., Ltd. RTL8101/2/6E PCI Express Fast/Gigabit Ethernet controller [10ec:8136] (rev 07)"
        ]
    },
    {
        "key": "/usr/bin/lsusb --verbose --tree",
        "content": [
            "/:  Bus 03.Port 1: Dev 1, Class=root_hub, Driver=xhci_hcd/4p, 5000M",
            "    |__ Port 1: Dev 2, If 0, Class=Mass Storage, Driver=usb-storage, 5000M",
            "/:  Bus 02.Port 1: Dev 1, Class=root_hub, Driver=xhci_hcd/8p, 480M",
            "/:  Bus 01.Port 1: Dev 1, Class=root_hub, Driver=ehci-pci/2p, 480M",
            "    |__ Port 1: Dev 2, If 0, Class=Hub, Driver=hub/8p, 480M",
            "        |__ Port 2: Dev 3, If 0, Class=Human Interface Device, Driver=usbhid, 1.5M",
            "        |__ Port 5: Dev 4, If 0, Class=Video, Driver=uvcvideo, 480M",
            "        |__ Port 5: Dev 4, If 1, Class=Video, Driver=uvcvideo, 480M",
            "        |__ Port 6: Dev 5, If 1, Class=Wireless, Driver=, 12M",
            "        |__ Port 6: Dev 5, If 0, Class=Wireless, Driver=, 12M"
        ]
    },
    {
        "key": "/bin/df --human-readable --print-type",
        "content": [
            "Filesystem     Type      Size  Used Avail Use% Mounted on",
            "udev           devtmpfs  3.9G     0  3.9G   0% /dev",
            "tmpfs          tmpfs     787M   26M  762M   4% /run",
            "/dev/sdb1      vfat      8.0G  1.1G  6.9G  14% /lib/live/mount/medium",
            "/dev/loop0     squashfs  1.1G  1.1G     0 100% /lib/live/mount/rootfs/filesystem.squashfs",
            "tmpfs          tmpfs     3.9G  400M  3.5G  11% /lib/live/mount/overlay",
            "overlay        overlay   3.9G  400M  3.5G  11% /",
            "tmpfs          tmpfs     3.9G   16M  3.9G   1% /dev/shm",
            "tmpfs          tmpfs     5.0M  4.0K  5.0M   1% /run/lock",
            "tmpfs          tmpfs     3.9G     0  3.9G   0% /sys/fs/cgroup",
            "tmpfs          tmpfs     3.9G     0  3.9G   0% /var/tmp",
            "tmpfs          tmpfs     3.9G   77M  3.8G   2% /run/initramfs",
            "tmpfs          tmpfs     3.9G  274M  3.6G   7% /tmp",
            "tmpfs          tmpfs     787M   48K  787M   1% /run/user/1000"
        ]
    },
    {
        "key": "/bin/mount --show-labels",
        "content": [
            "sysfs on /sys type sysfs (rw,nosuid,nodev,noexec,relatime)",
            "proc on /proc type proc (rw,nosuid,nodev,noexec,relatime)",
            "udev on /dev type devtmpfs (rw,nosuid,relatime,size=4011072k,nr_inodes=1002768,mode=755)",
            "devpts on /dev/pts type devpts (rw,nosuid,noexec,relatime,gid=5,mode=620,ptmxmode=000)",
            "tmpfs on /run type tmpfs (rw,nosuid,noexec,relatime,size=805704k,mode=755)",
            "/dev/sdb1 on /lib/live/mount/medium type vfat (ro,noatime,fmask=0022,dmask=0022,codepage=437,iocharset=ascii,shortname=mixed,utf8,errors=remount-ro) [Tails]",
            "/dev/loop0 on /lib/live/mount/rootfs/filesystem.squashfs type squashfs (ro,noatime)",
            "tmpfs on /lib/live/mount/overlay type tmpfs (rw,noatime,mode=755)",
            "overlay on / type overlay (rw,noatime,lowerdir=//filesystem.squashfs/,upperdir=/live/overlay//rw,workdir=/live/overlay//work)",
            "securityfs on /sys/kernel/security type securityfs (rw,nosuid,nodev,noexec,relatime)",
            "tmpfs on /dev/shm type tmpfs (rw,nosuid,nodev)",
            "tmpfs on /run/lock type tmpfs (rw,nosuid,nodev,noexec,relatime,size=5120k)",
            "tmpfs on /sys/fs/cgroup type tmpfs (ro,nosuid,nodev,noexec,mode=755)",
            "cgroup2 on /sys/fs/cgroup/unified type cgroup2 (rw,nosuid,nodev,noexec,relatime,nsdelegate)",
            "cgroup on /sys/fs/cgroup/systemd type cgroup (rw,nosuid,nodev,noexec,relatime,xattr,name=systemd)",
            "pstore on /sys/fs/pstore type pstore (rw,nosuid,nodev,noexec,relatime)",
            "efivarfs on /sys/firmware/efi/efivars type efivarfs (rw,nosuid,nodev,noexec,relatime)",
            "none on /sys/fs/bpf type bpf (rw,nosuid,nodev,noexec,relatime,mode=700)",
            "cgroup on /sys/fs/cgroup/blkio type cgroup (rw,nosuid,nodev,noexec,relatime,blkio)",
            "cgroup on /sys/fs/cgroup/cpuset type cgroup (rw,nosuid,nodev,noexec,relatime,cpuset)",
            "cgroup on /sys/fs/cgroup/net_cls,net_prio type cgroup (rw,nosuid,nodev,noexec,relatime,net_cls,net_prio)",
            "cgroup on /sys/fs/cgroup/pids type cgroup (rw,nosuid,nodev,noexec,relatime,pids)",
            "cgroup on /sys/fs/cgroup/cpu,cpuacct type cgroup (rw,nosuid,nodev,noexec,relatime,cpu,cpuacct)",
            "cgroup on /sys/fs/cgroup/rdma type cgroup (rw,nosuid,nodev,noexec,relatime,rdma)",
            "cgroup on /sys/fs/cgroup/devices type cgroup (rw,nosuid,nodev,noexec,relatime,devices)",
            "cgroup on /sys/fs/cgroup/perf_event type cgroup (rw,nosuid,nodev,noexec,relatime,perf_event)",
            "cgroup on /sys/fs/cgroup/memory type cgroup (rw,nosuid,nodev,noexec,relatime,memory)",
            "cgroup on /sys/fs/cgroup/freezer type cgroup (rw,nosuid,nodev,noexec,relatime,freezer)",
            "tmpfs on /var/tmp type tmpfs (rw)",
            "tmpfs on /run/initramfs type tmpfs (rw,relatime,mode=755)",
            "mqueue on /dev/mqueue type mqueue (rw,relatime)",
            "debugfs on /sys/kernel/debug type debugfs (rw,relatime)",
            "systemd-1 on /proc/sys/fs/binfmt_misc type autofs (rw,relatime,fd=42,pgrp=1,timeout=0,minproto=5,maxproto=5,direct,pipe_ino=14582)",
            "hugetlbfs on /dev/hugepages type hugetlbfs (rw,relatime,pagesize=2M)",
            "tmpfs on /tmp type tmpfs (rw,nosuid,nodev,relatime)",
            "tmpfs on /run/user/1000 type tmpfs (rw,nosuid,nodev,relatime,size=805700k,mode=700,uid=1000,gid=1000)",
            "/dev/fuse on /root/.cache/doc type fuse (rw,nosuid,nodev,relatime,user_id=0,group_id=0)",
            "fusectl on /sys/fs/fuse/connections type fusectl (rw,relatime)"
        ]
    },
    {
        "key": "/usr/bin/du --total --summarize --human-readable /lib/live/mount/medium/*",
        "content": [
            "11M\t/lib/live/mount/medium/EFI",
            "1.1G\t/lib/live/mount/medium/live",
            "652K\t/lib/live/mount/medium/syslinux",
            "220K\t/lib/live/mount/medium/utils",
            "1.1G\ttotal"
        ]
    },
    {
        "key": "/bin/ls -lARh /lib/live/mount/medium/live",
        "content": [
            "/lib/live/mount/medium/live:",
            "total 1.1G",
            "-rwxr-xr-x 1 root root  49K 11\u6708 16 18:23 filesystem.packages",
            "-rwxr-xr-x 1 root root 1.1G 11\u6708 16 18:23 filesystem.squashfs",
            "-rwxr-xr-x 1 root root  31M 11\u6708 16 18:23 initrd.img",
            "-rwxr-xr-x 1 root root   20 11\u6708 16 18:23 Tails.module",
            "-rwxr-xr-x 1 root root 5.5M 11\u6708 16 18:23 vmlinuz"
        ]
    },
    {
        "key": "/sbin/dmsetup ls --tree --options=blkdevname,uuid,active,open,rw,notrunc",
        "content": [
            "luks-b8dd5dce-ab62-4823-a504-85567ecb636d <dm-0> (254:0) [ACTIVE, RO, 0, CRYPT-LUKS1-b8dd5dceab624823a50485567ecb636d-luks-b8dd5dce-ab62-4823-a504-85567ecb636d]",
            " \u2514\u2500 <sdb2> (8:18)"
        ]
    },
    {
        "key": "/sbin/losetup --list --output=NAME,BACK-FILE,AUTOCLEAR,RO,PARTSCAN,SIZELIMIT,OFFSET",
        "content": [
            "NAME       BACK-FILE                                       AUTOCLEAR RO PARTSCAN SIZELIMIT OFFSET",
            "/dev/loop0 /lib/live/mount/medium/live/filesystem.squashfs         0  1        0         0      0"
        ]
    },
    {
        "key": "/bin/lsmod",
        "content": [
            "Module                  Size  Used by",
            "fuse                  143360  3",
            "ctr                    16384  1",
            "ccm                    20480  3",
            "dm_crypt               53248  1",
            "algif_skcipher         16384  0",
            "af_alg                 32768  1 algif_skcipher",
            "ath9k                 139264  0",
            "ath9k_common           20480  1 ath9k",
            "ath9k_hw              487424  2 ath9k_common,ath9k",
            "r8169                  98304  0",
            "realtek                24576  1",
            "libphy                151552  2 r8169,realtek",
            "ath                    36864  3 ath9k_common,ath9k,ath9k_hw",
            "dm_mod                163840  2 dm_crypt",
            "uvcvideo              114688  0",
            "videobuf2_vmalloc      20480  1 uvcvideo",
            "jitterentropy_rng      16384  1",
            "videobuf2_memops       20480  1 videobuf2_vmalloc",
            "videobuf2_v4l2         28672  1 uvcvideo",
            "videobuf2_common       57344  2 videobuf2_v4l2,uvcvideo",
            "drbg                   28672  1",
            "videodev              274432  3 videobuf2_v4l2,uvcvideo,videobuf2_common",
            "ansi_cprng             16384  0",
            "mc                     61440  4 videodev,videobuf2_v4l2,uvcvideo,videobuf2_common",
            "ecdh_generic           16384  0",
            "ecc                    36864  1 ecdh_generic",
            "crc16                  16384  0",
            "nf_log_ipv6            16384  1",
            "ip6t_REJECT            16384  1",
            "nf_reject_ipv6         20480  1 ip6t_REJECT",
            "nft_chain_nat          16384  4",
            "xt_REDIRECT            20480  0",
            "nf_nat                 49152  2 nft_chain_nat,xt_REDIRECT",
            "nf_log_ipv4            16384  0",
            "nf_log_common          16384  2 nf_log_ipv4,nf_log_ipv6",
            "nft_counter            16384  7",
            "ipt_REJECT             16384  0",
            "nf_reject_ipv4         16384  1 ipt_REJECT",
            "xt_LOG                 20480  1",
            "xt_multiport           20480  0",
            "xt_owner               16384  2",
            "xt_tcpudp              20480  5",
            "intel_rapl_msr         20480  0",
            "intel_rapl_common      32768  1 intel_rapl_msr",
            "x86_pkg_temp_thermal    20480  0",
            "xt_state               16384  0",
            "intel_powerclamp       20480  0",
            "xt_conntrack           16384  2",
            "nf_conntrack          176128  4 xt_conntrack,nf_nat,xt_state,xt_REDIRECT",
            "nf_defrag_ipv6         24576  1 nf_conntrack",
            "coretemp               20480  0",
            "nf_defrag_ipv4         16384  1 nf_conntrack",
            "kvm_intel             319488  0",
            "libcrc32c              16384  2 nf_conntrack,nf_nat",
            "kvm                   831488  1 kvm_intel",
            "crc32c_generic         16384  0",
            "snd_hda_codec_realtek   143360  1",
            "nft_compat             20480  11",
            "irqbypass              16384  1 kvm",
            "dell_laptop            28672  0",
            "mac80211              913408  1 ath9k",
            "snd_hda_codec_generic    98304  1 snd_hda_codec_realtek",
            "dell_smm_hwmon         24576  0",
            "ledtrig_audio          16384  3 snd_hda_codec_generic,snd_hda_codec_realtek,dell_laptop",
            "snd_hda_codec_hdmi     73728  1",
            "iTCO_wdt               16384  0",
            "cfg80211              892928  4 ath9k_common,ath9k,ath,mac80211",
            "intel_pmc_bxt          16384  1 iTCO_wdt",
            "crc32_pclmul           16384  0",
            "snd_hda_intel          57344  6",
            "iTCO_vendor_support    16384  1 iTCO_wdt",
            "sg                     36864  0",
            "at24                   24576  0",
            "libarc4                16384  1 mac80211",
            "watchdog               28672  1 iTCO_wdt",
            "ghash_clmulni_intel    16384  0",
            "nf_tables             241664  58 nft_compat,nft_counter,nft_chain_nat",
            "snd_intel_dspcfg       24576  1 snd_hda_intel",
            "nfnetlink              16384  2 nft_compat,nf_tables",
            "snd_hda_codec         163840  4 snd_hda_codec_generic,snd_hda_codec_hdmi,snd_hda_intel,snd_hda_codec_realtek",
            "snd_hda_core          106496  5 snd_hda_codec_generic,snd_hda_codec_hdmi,snd_hda_intel,snd_hda_codec,snd_hda_codec_realtek",
            "snd_hwdep              16384  1 snd_hda_codec",
            "snd_pcm               135168  4 snd_hda_codec_hdmi,snd_hda_intel,snd_hda_codec,snd_hda_core",
            "aesni_intel           372736  4",
            "snd_timer              49152  1 snd_pcm",
            "libaes                 16384  1 aesni_intel",
            "snd                   110592  20 snd_hda_codec_generic,snd_hda_codec_hdmi,snd_hwdep,snd_hda_intel,snd_hda_codec,snd_hda_codec_realtek,snd_timer,snd_pcm",
            "crypto_simd            16384  1 aesni_intel",
            "cryptd                 24576  3 crypto_simd,ghash_clmulni_intel",
            "soundcore              16384  1 snd",
            "glue_helper            16384  1 aesni_intel",
            "rapl                   16384  0",
            "intel_cstate           20480  0",
            "dell_rbtn              20480  0",
            "serio_raw              20480  0",
            "rfkill                 28672  7 dell_laptop,dell_rbtn,cfg80211",
            "intel_uncore          163840  0",
            "efi_pstore             16384  0",
            "dell_wmi               20480  0",
            "efivars                20480  1 efi_pstore",
            "evdev                  28672  16",
            "sparse_keymap          16384  1 dell_wmi",
            "dell_smbios            32768  2 dell_wmi,dell_laptop",
            "joydev                 28672  0",
            "dcdbas                 20480  1 dell_smbios",
            "ac                     16384  0",
            "wmi_bmof               16384  0",
            "dell_wmi_descriptor    20480  2 dell_wmi,dell_smbios",
            "parport_pc             40960  0",
            "ppdev                  24576  0",
            "lp                     20480  0",
            "parport                69632  3 parport_pc,lp,ppdev",
            "efivarfs               16384  1",
            "ip_tables              32768  0",
            "x_tables               53248  11 xt_conntrack,nft_compat,xt_LOG,xt_multiport,xt_state,xt_tcpudp,xt_owner,ipt_REJECT,ip_tables,ip6t_REJECT,xt_REDIRECT",
            "autofs4                53248  2",
            "squashfs               65536  1",
            "zstd_decompress        86016  1 squashfs",
            "loop                   40960  2",
            "overlay               143360  1",
            "nls_cp437              20480  1",
            "vfat                   20480  1",
            "fat                    86016  1 vfat",
            "nls_ascii              16384  1",
            "sd_mod                 61440  3",
            "sr_mod                 28672  0",
            "cdrom                  73728  1 sr_mod",
            "t10_pi                 16384  1 sd_mod",
            "crc_t10dif             20480  1 t10_pi",
            "crct10dif_generic      16384  0",
            "usbhid                 65536  0",
            "uas                    32768  0",
            "usb_storage            81920  3 uas",
            "i915                 2637824  14",
            "ahci                   40960  0",
            "libahci                45056  1 ahci",
            "xhci_pci               20480  0",
            "hid_rmi                24576  0",
            "rmi_core               86016  1 hid_rmi",
            "xhci_hcd              286720  1 xhci_pci",
            "hid_generic            16384  0",
            "i2c_algo_bit           16384  1 i915",
            "drm_kms_helper        262144  1 i915",
            "libata                290816  2 libahci,ahci",
            "cec                    49152  2 drm_kms_helper,i915",
            "ehci_pci               20480  0",
            "drm                   618496  5 drm_kms_helper,i915",
            "crct10dif_pclmul       16384  1",
            "crct10dif_common       16384  3 crct10dif_generic,crc_t10dif,crct10dif_pclmul",
            "ehci_hcd               98304  1 ehci_pci",
            "crc32c_intel           24576  1",
            "usbcore               323584  8 xhci_hcd,ehci_pci,usbhid,usb_storage,uvcvideo,ehci_hcd,xhci_pci,uas",
            "scsi_mod              258048  6 sd_mod,usb_storage,uas,libata,sg,sr_mod",
            "i2c_i801               32768  0",
            "i2c_smbus              20480  1 i2c_i801",
            "lpc_ich                28672  0",
            "usb_common             16384  4 xhci_hcd,usbcore,uvcvideo,ehci_hcd",
            "wmi                    36864  4 dell_wmi,wmi_bmof,dell_smbios,dell_wmi_descriptor",
            "battery                20480  0",
            "video                  53248  3 dell_wmi,dell_laptop,i915",
            "dw_dmac                16384  0",
            "dw_dmac_core           36864  1 dw_dmac",
            "i2c_hid                32768  0",
            "hid                   147456  4 i2c_hid,usbhid,hid_generic,hid_rmi",
            "button                 24576  0"
        ]
    },
    {
        "key": "/proc/asound/cards",
        "content": [
            " 0 [HDMI           ]: HDA-Intel - HDA Intel HDMI",
            "                      HDA Intel HDMI at 0xf7e14000 irq 52",
            " 1 [PCH            ]: HDA-Intel - HDA Intel PCH",
            "                      HDA Intel PCH at 0xf7e10000 irq 53"
        ]
    },
    {
        "key": "/proc/asound/devices",
        "content": [
            "  2: [ 0- 3]: digital audio playback",
            "  3: [ 0- 7]: digital audio playback",
            "  4: [ 0- 8]: digital audio playback",
            "  5: [ 0- 9]: digital audio playback",
            "  6: [ 0-10]: digital audio playback",
            "  7: [ 0- 0]: hardware dependent",
            "  8: [ 0]   : control",
            "  9: [ 1- 0]: digital audio playback",
            " 10: [ 1- 0]: digital audio capture",
            " 11: [ 1- 0]: hardware dependent",
            " 12: [ 1]   : control",
            " 33:        : timer"
        ]
    },
    {
        "key": "/proc/asound/modules",
        "content": [
            " 0 snd_hda_intel",
            " 1 snd_hda_intel"
        ]
    },
    {
        "key": "/etc/X11/xorg.conf",
        "content": "Not found"
    },
    {
        "key": "/var/log/gdm3/tails-greeter.errors",
        "content": "Not found"
    },
    {
        "key": "/var/log/live/boot.log",
        "content": []
    },
    {
        "key": "/var/log/live/config.log",
        "content": [
            "live-config:- making sure the system clock is sane",
            " debconf hostnamelocalhost.localdomain",
            " user-setup locales tzdata",
            "Current default time zone: 'Etc/UTC'",
            "Local time is now:      Wed Dec 16 10:43:19 UTC 2020.",
            "Universal Time is now:  Wed Dec 16 10:43:19 UTC 2020.",
            "",
            " keyboard-configuration gnome-power-managersudo: gconftool-2: command not found",
            " ssl-cert util-linux login xserver-xorg- configuring APT sources",
            "- configuring APT preferences",
            "- undiverting APT",
            "Removing 'local diversion of /usr/bin/apt-get to /usr/bin/apt-get.real'",
            "",
            "Configuring Tails",
            "- importing Tails' GnuPG keys into the amnesia's keyring",
            "gpg: keybox '/home/amnesia/.gnupg/pubring.kbx' created",
            "gpg: key 0xC436090F4BB47C6F: 6 signatures not checked due to missing keys",
            "gpg: /home/amnesia/.gnupg/trustdb.gpg: trustdb created",
            "gpg: key 0xC436090F4BB47C6F: public key \"Tails accounting team (schleuder list) <tails-accounting@boum.org>\" imported",
            "gpg: key 0xEC57B56EF0C43132: 245 signatures not checked due to missing keys",
            "gpg: key 0xEC57B56EF0C43132: public key \"Tails bug squad <tails-bugs@boum.org>\" imported",
            "gpg: key 0x1D2975EDF93E735F: 335 signatures not checked due to missing keys",
            "gpg: key 0x1D2975EDF93E735F: public key \"Tails developers (Schleuder mailing-list) <tails@boum.org>\" imported",
            "gpg: key 0xA827FE0D677E522C: public key \"tails-foundations@boum.org <tails-foundations@boum.org>\" imported",
            "gpg: key 0xD2EDA621B572DD73: 48 signatures not checked due to missing keys",
            "gpg: key 0xD2EDA621B572DD73: public key \"Tails mirror pool managers (schleuder list) <tails-mirrors@boum.org>\" imported",
            "gpg: key 0x457080B5A072CBE3: 6 signatures not checked due to missing keys",
            "gpg: key 0x457080B5A072CBE3: public key \"Tails press team (schleuder list) <tails-press@boum.org>\" imported",
            "gpg: key 0xDBB802B258ACD84F: public key \"Tails developers (offline long-term identity key) <tails@boum.org>\" imported",
            "gpg: key 0xDBB802B258ACD84F: 2172 signatures not checked due to missing keys",
            "gpg: key 0xDBB802B258ACD84F: \"Tails developers (offline long-term identity key) <tails@boum.org>\" 2190 new signatures",
            "gpg: key 0xDBB802B258ACD84F: \"Tails developers (offline long-term identity key) <tails@boum.org>\" 5 new subkeys",
            "gpg: key 0x70F4F03116525F43: 100 signatures not checked due to missing keys",
            "gpg: key 0x70F4F03116525F43: public key \"Tails system administrators <tails-sysadmins@boum.org>\" imported",
            "gpg: key 0x8D9F6B0A628D9B11: public key \"tails-translations@boum.org <tails-translations@boum.org>\" imported",
            "gpg: Total number processed: 10",
            "gpg:               imported: 9",
            "gpg:            new subkeys: 5",
            "gpg:         new signatures: 2190",
            "gpg: no ultimately trusted keys found",
            "- importing Tails' GnuPG signing key into tails-iuk's trusted keyring",
            "gpg: directory '/var/lib/tails-upgrade-frontend/.gnupg' created",
            "gpg: keybox '/var/lib/tails-upgrade-frontend/.gnupg/pubring.kbx' created",
            "gpg: /var/lib/tails-upgrade-frontend/.gnupg/trustdb.gpg: trustdb created",
            "gpg: key DBB802B258ACD84F: public key \"Tails developers (offline long-term identity key) <tails@boum.org>\" imported",
            "gpg: Total number processed: 1",
            "gpg:               imported: 1",
            "- importing Tails help desk's GnuPG key into WhisperBack's keyring",
            "gpg: keybox '/usr/share/keyrings/whisperback-keyring.gpg' created",
            "gpg: key EC57B56EF0C43132: 245 signatures not checked due to missing keys",
            "gpg: directory '/root/.gnupg' created",
            "gpg: /root/.gnupg/trustdb.gpg: trustdb created",
            "gpg: key EC57B56EF0C43132: public key \"Tails bug squad <tails-bugs@boum.org>\" imported",
            "gpg: Total number processed: 1",
            "gpg:               imported: 1",
            "gpg: no ultimately trusted keys found",
            "- configuring systemd",
            "- creating tails-persistence-setup's directory under /media",
            "- setting up hosts file",
            "- fixing permissions",
            "."
        ]
    },
    {
        "key": "/var/lib/live/config/tails.macspoof",
        "content": [
            "TAILS_MACSPOOF_ENABLED=true"
        ]
    },
    {
        "key": "/var/lib/live/config/tails.network",
        "content": [
            "TAILS_NETCONF=direct"
        ]
    },
    {
        "key": "/var/lib/live/config/tails.persistence",
        "content": "Not found"
    },
    {
        "key": "/var/lib/live/config/tails.unsafe-browser",
        "content": [
            "TAILS_UNSAFE_BROWSER_ENABLED=true"
        ]
    },
    {
        "key": "/live/persistence/TailsData_unlocked/persistence.conf",
        "content": "Not found"
    },
    {
        "key": "/live/persistence/TailsData_unlocked/live-additional-software.conf",
        "content": "Not found"
    },
    {
        "key": "/live/persistence/TailsData_unlocked/apt-sources.list.d",
        "content": "Not found"
    },
    {
        "key": "/var/log/live-persist",
        "content": [
            "+ shift",
            "+ echo --encryption=luks",
            "+ grep -qe '^--[^ ]\\+\\>'",
            "+ case \"${1}\" in",
            "+ export PERSISTENCE_ENCRYPTION=luks",
            "+ PERSISTENCE_ENCRYPTION=luks",
            "+ shift",
            "+ echo list",
            "+ grep -qe '^--[^ ]\\+\\>'",
            "+ local action=list",
            "+ shift",
            "+ case \"${action}\" in",
            "+ local labels=TailsData",
            "+ echo TailsData",
            "+ grep -qe '[^[:space:]]'",
            "+ list_gpt_volumes TailsData",
            "+ local labels=TailsData",
            "+ local whitelistdev=",
            "+ case \"${PERSISTENCE_MEDIA}\" in",
            "+ grep -qs -w -E '(live-media|bootfrom)=removable-usb' /proc/cmdline",
            "+ grep -qs -w -E '(live-media|bootfrom)=removable' /proc/cmdline",
            "++ removable_dev",
            "++ output_format=",
            "++ want_usb=",
            "++ ret=",
            "+++ tr ' ' '\\n'",
            "+++ grep -vE '/(loop|ram|dm-|fd)'",
            "+++ echo /sys/block/loop0 /sys/block/loop1 /sys/block/loop2 /sys/block/loop3 /sys/block/loop4 /sys/block/loop5 /sys/block/loop6 /sys/block/loop7 /sys/block/sda /sys/block/sdb /sys/block/sr0",
            "++ for sysblock in $(echo /sys/block/* | tr ' ' '\\n' | grep -vE \"/(loop|ram|dm-|fd)\")",
            "++ '[' '!' -d /sys/block/sda ']'",
            "++ dev_ok=",
            "+++ cat /sys/block/sda/removable",
            "++ '[' 0 = 1 ']'",
            "++ '[' '' = true ']'",
            "++ for sysblock in $(echo /sys/block/* | tr ' ' '\\n' | grep -vE \"/(loop|ram|dm-|fd)\")",
            "++ '[' '!' -d /sys/block/sdb ']'",
            "++ dev_ok=",
            "+++ cat /sys/block/sdb/removable",
            "++ '[' 1 = 1 ']'",
            "++ '[' -z '' ']'",
            "++ dev_ok=true",
            "++ '[' true = true ']'",
            "++ case \"${output_format}\" in",
            "+++ sys2dev /sys/block/sdb",
            "+++ sysdev=/block/sdb",
            "++++ udevadm info -q name -p /block/sdb",
            "+++ echo /dev/sdb",
            "++ case \"${output_format}\" in",
            "++ devname=/dev/sdb",
            "++ ret=' /dev/sdb'",
            "++ for sysblock in $(echo /sys/block/* | tr ' ' '\\n' | grep -vE \"/(loop|ram|dm-|fd)\")",
            "++ '[' '!' -d /sys/block/sr0 ']'",
            "++ dev_ok=",
            "+++ cat /sys/block/sr0/removable",
            "++ '[' 1 = 1 ']'",
            "++ '[' -z '' ']'",
            "++ dev_ok=true",
            "++ '[' true = true ']'",
            "++ case \"${output_format}\" in",
            "+++ sys2dev /sys/block/sr0",
            "+++ sysdev=/block/sr0",
            "++++ udevadm info -q name -p /block/sr0",
            "+++ echo /dev/sr0",
            "++ case \"${output_format}\" in",
            "++ devname=/dev/sr0",
            "++ ret=' /dev/sdb /dev/sr0'",
            "++ echo ' /dev/sdb /dev/sr0'",
            "+ whitelistdev=' /dev/sdb /dev/sr0'",
            "+ '[' -z ' /dev/sdb /dev/sr0' ']'",
            "++ storage_devices '' ' /dev/sdb /dev/sr0'",
            "++ black_listed_devices=",
            "++ white_listed_devices=' /dev/sdb /dev/sr0'",
            "+++ echo /sys/block/loop0 /sys/block/loop1 /sys/block/loop2 /sys/block/loop3 /sys/block/loop4 /sys/block/loop5 /sys/block/loop6 /sys/block/loop7 /sys/block/sda /sys/block/sdb /sys/block/sr0",
            "+++ grep -vE 'loop|ram|fd'",
            "+++ tr ' ' '\\n'",
            "++ for sysblock in $(echo /sys/block/* | tr ' ' '\\n' | grep -vE \"loop|ram|fd\")",
            "+++ sys2dev /sys/block/sda",
            "+++ sysdev=/block/sda",
            "++++ udevadm info -q name -p /block/sda",
            "+++ echo /dev/sda",
            "++ fulldevname=/dev/sda",
            "++ is_in_space_sep_list /dev/sda",
            "++ local element",
            "++ element=/dev/sda",
            "++ shift",
            "++ is_in_list_separator_helper '[[:space:]]' /dev/sda ''",
            "++ local sep element list",
            "++ sep='[[:space:]]'",
            "++ shift",
            "++ element=/dev/sda",
            "++ shift",
            "++ list=",
            "++ echo",
            "++ grep -qe '^\\(.*[[:space:]]\\)\\?/dev/sda\\([[:space:]].*\\)\\?$'",
            "++ '[' -n ' /dev/sdb /dev/sr0' ']'",
            "++ is_in_space_sep_list /dev/sda /dev/sdb /dev/sr0",
            "++ local element",
            "++ element=/dev/sda",
            "++ shift",
            "++ is_in_list_separator_helper '[[:space:]]' /dev/sda '/dev/sdb /dev/sr0'",
            "++ local sep element list",
            "++ sep='[[:space:]]'",
            "++ shift",
            "++ element=/dev/sda",
            "++ shift",
            "++ list='/dev/sdb /dev/sr0'",
            "++ echo /dev/sdb /dev/sr0",
            "++ grep -qe '^\\(.*[[:space:]]\\)\\?/dev/sda\\([[:space:]].*\\)\\?$'",
            "++ continue",
            "++ for sysblock in $(echo /sys/block/* | tr ' ' '\\n' | grep -vE \"loop|ram|fd\")",
            "+++ sys2dev /sys/block/sdb",
            "+++ sysdev=/block/sdb",
            "++++ udevadm info -q name -p /block/sdb",
            "+++ echo /dev/sdb",
            "++ fulldevname=/dev/sdb",
            "++ is_in_space_sep_list /dev/sdb",
            "++ local element",
            "++ element=/dev/sdb",
            "++ shift",
            "++ is_in_list_separator_helper '[[:space:]]' /dev/sdb ''",
            "++ local sep element list",
            "++ sep='[[:space:]]'",
            "++ shift",
            "++ element=/dev/sdb",
            "++ shift",
            "++ list=",
            "++ echo",
            "++ grep -qe '^\\(.*[[:space:]]\\)\\?/dev/sdb\\([[:space:]].*\\)\\?$'",
            "++ '[' -n ' /dev/sdb /dev/sr0' ']'",
            "++ is_in_space_sep_list /dev/sdb /dev/sdb /dev/sr0",
            "++ local element",
            "++ element=/dev/sdb",
            "++ shift",
            "++ is_in_list_separator_helper '[[:space:]]' /dev/sdb '/dev/sdb /dev/sr0'",
            "++ local sep element list",
            "++ sep='[[:space:]]'",
            "++ shift",
            "++ element=/dev/sdb",
            "++ shift",
            "++ list='/dev/sdb /dev/sr0'",
            "++ echo /dev/sdb /dev/sr0",
            "++ grep -qe '^\\(.*[[:space:]]\\)\\?/dev/sdb\\([[:space:]].*\\)\\?$'",
            "+++ subdevices /sys/block/sdb",
            "+++ sysblock=/sys/block/sdb",
            "+++ r=",
            "+++ for dev in \"${sysblock}\"/* \"${sysblock}\"",
            "+++ '[' -e /sys/block/sdb/alignment_offset/dev ']'",
            "+++ for dev in \"${sysblock}\"/* \"${sysblock}\"",
            "+++ '[' -e /sys/block/sdb/bdi/dev ']'",
            "+++ for dev in \"${sysblock}\"/* \"${sysblock}\"",
            "+++ '[' -e /sys/block/sdb/capability/dev ']'",
            "+++ for dev in \"${sysblock}\"/* \"${sysblock}\"",
            "+++ '[' -e /sys/block/sdb/dev/dev ']'",
            "+++ for dev in \"${sysblock}\"/* \"${sysblock}\"",
            "+++ '[' -e /sys/block/sdb/device/dev ']'",
            "+++ for dev in \"${sysblock}\"/* \"${sysblock}\"",
            "+++ '[' -e /sys/block/sdb/discard_alignment/dev ']'",
            "+++ for dev in \"${sysblock}\"/* \"${sysblock}\"",
            "+++ '[' -e /sys/block/sdb/events/dev ']'",
            "+++ for dev in \"${sysblock}\"/* \"${sysblock}\"",
            "+++ '[' -e /sys/block/sdb/events_async/dev ']'",
            "+++ for dev in \"${sysblock}\"/* \"${sysblock}\"",
            "+++ '[' -e /sys/block/sdb/events_poll_msecs/dev ']'",
            "+++ for dev in \"${sysblock}\"/* \"${sysblock}\"",
            "+++ '[' -e /sys/block/sdb/ext_range/dev ']'",
            "+++ for dev in \"${sysblock}\"/* \"${sysblock}\"",
            "+++ '[' -e /sys/block/sdb/hidden/dev ']'",
            "+++ for dev in \"${sysblock}\"/* \"${sysblock}\"",
            "+++ '[' -e /sys/block/sdb/holders/dev ']'",
            "+++ for dev in \"${sysblock}\"/* \"${sysblock}\"",
            "+++ '[' -e /sys/block/sdb/inflight/dev ']'",
            "+++ for dev in \"${sysblock}\"/* \"${sysblock}\"",
            "+++ '[' -e /sys/block/sdb/integrity/dev ']'",
            "+++ for dev in \"${sysblock}\"/* \"${sysblock}\"",
            "+++ '[' -e /sys/block/sdb/mq/dev ']'",
            "+++ for dev in \"${sysblock}\"/* \"${sysblock}\"",
            "+++ '[' -e /sys/block/sdb/power/dev ']'",
            "+++ for dev in \"${sysblock}\"/* \"${sysblock}\"",
            "+++ '[' -e /sys/block/sdb/queue/dev ']'",
            "+++ for dev in \"${sysblock}\"/* \"${sysblock}\"",
            "+++ '[' -e /sys/block/sdb/range/dev ']'",
            "+++ for dev in \"${sysblock}\"/* \"${sysblock}\"",
            "+++ '[' -e /sys/block/sdb/removable/dev ']'",
            "+++ for dev in \"${sysblock}\"/* \"${sysblock}\"",
            "+++ '[' -e /sys/block/sdb/ro/dev ']'",
            "+++ for dev in \"${sysblock}\"/* \"${sysblock}\"",
            "+++ '[' -e /sys/block/sdb/sdb1/dev ']'",
            "+++ r=' /sys/block/sdb/sdb1'",
            "+++ for dev in \"${sysblock}\"/* \"${sysblock}\"",
            "+++ '[' -e /sys/block/sdb/sdb2/dev ']'",
            "+++ r=' /sys/block/sdb/sdb1 /sys/block/sdb/sdb2'",
            "+++ for dev in \"${sysblock}\"/* \"${sysblock}\"",
            "+++ '[' -e /sys/block/sdb/size/dev ']'",
            "+++ for dev in \"${sysblock}\"/* \"${sysblock}\"",
            "+++ '[' -e /sys/block/sdb/slaves/dev ']'",
            "+++ for dev in \"${sysblock}\"/* \"${sysblock}\"",
            "+++ '[' -e /sys/block/sdb/stat/dev ']'",
            "+++ for dev in \"${sysblock}\"/* \"${sysblock}\"",
            "+++ '[' -e /sys/block/sdb/subsystem/dev ']'",
            "+++ for dev in \"${sysblock}\"/* \"${sysblock}\"",
            "+++ '[' -e /sys/block/sdb/trace/dev ']'",
            "+++ for dev in \"${sysblock}\"/* \"${sysblock}\"",
            "+++ '[' -e /sys/block/sdb/uevent/dev ']'",
            "+++ for dev in \"${sysblock}\"/* \"${sysblock}\"",
            "+++ '[' -e /sys/block/sdb/dev ']'",
            "+++ r=' /sys/block/sdb/sdb1 /sys/block/sdb/sdb2 /sys/block/sdb'",
            "+++ echo /sys/block/sdb/sdb1 /sys/block/sdb/sdb2 /sys/block/sdb",
            "++ for dev in $(subdevices \"${sysblock}\")",
            "+++ sys2dev /sys/block/sdb/sdb1",
            "+++ sysdev=/block/sdb/sdb1",
            "++++ udevadm info -q name -p /block/sdb/sdb1",
            "+++ echo /dev/sdb1",
            "++ devname=/dev/sdb1",
            "++ is_in_space_sep_list /dev/sdb1",
            "++ local element",
            "++ element=/dev/sdb1",
            "++ shift",
            "++ is_in_list_separator_helper '[[:space:]]' /dev/sdb1 ''",
            "++ local sep element list",
            "++ sep='[[:space:]]'",
            "++ shift",
            "++ element=/dev/sdb1",
            "++ shift",
            "++ list=",
            "++ echo",
            "++ grep -qe '^\\(.*[[:space:]]\\)\\?/dev/sdb1\\([[:space:]].*\\)\\?$'",
            "++ echo /dev/sdb1",
            "++ for dev in $(subdevices \"${sysblock}\")",
            "+++ sys2dev /sys/block/sdb/sdb2",
            "+++ sysdev=/block/sdb/sdb2",
            "++++ udevadm info -q name -p /block/sdb/sdb2",
            "+++ echo /dev/sdb2",
            "++ devname=/dev/sdb2",
            "++ is_in_space_sep_list /dev/sdb2",
            "++ local element",
            "++ element=/dev/sdb2",
            "++ shift",
            "++ is_in_list_separator_helper '[[:space:]]' /dev/sdb2 ''",
            "++ local sep element list",
            "++ sep='[[:space:]]'",
            "++ shift",
            "++ element=/dev/sdb2",
            "++ shift",
            "++ list=",
            "++ echo",
            "++ grep -qe '^\\(.*[[:space:]]\\)\\?/dev/sdb2\\([[:space:]].*\\)\\?$'",
            "++ echo /dev/sdb2",
            "++ for dev in $(subdevices \"${sysblock}\")",
            "+++ sys2dev /sys/block/sdb",
            "+++ sysdev=/block/sdb",
            "++++ udevadm info -q name -p /block/sdb",
            "+++ echo /dev/sdb",
            "++ devname=/dev/sdb",
            "++ is_in_space_sep_list /dev/sdb",
            "++ local element",
            "++ element=/dev/sdb",
            "++ shift",
            "++ is_in_list_separator_helper '[[:space:]]' /dev/sdb ''",
            "++ local sep element list",
            "++ sep='[[:space:]]'",
            "++ shift",
            "++ element=/dev/sdb",
            "++ shift",
            "++ list=",
            "++ echo",
            "++ grep -qe '^\\(.*[[:space:]]\\)\\?/dev/sdb\\([[:space:]].*\\)\\?$'",
            "++ echo /dev/sdb",
            "++ for sysblock in $(echo /sys/block/* | tr ' ' '\\n' | grep -vE \"loop|ram|fd\")",
            "+++ sys2dev /sys/block/sr0",
            "+++ sysdev=/block/sr0",
            "++++ udevadm info -q name -p /block/sr0",
            "+++ echo /dev/sr0",
            "++ fulldevname=/dev/sr0",
            "++ is_in_space_sep_list /dev/sr0",
            "++ local element",
            "++ element=/dev/sr0",
            "++ shift",
            "++ is_in_list_separator_helper '[[:space:]]' /dev/sr0 ''",
            "++ local sep element list",
            "++ sep='[[:space:]]'",
            "++ shift",
            "++ element=/dev/sr0",
            "++ shift",
            "++ list=",
            "++ echo",
            "++ grep -qe '^\\(.*[[:space:]]\\)\\?/dev/sr0\\([[:space:]].*\\)\\?$'",
            "++ '[' -n ' /dev/sdb /dev/sr0' ']'",
            "++ is_in_space_sep_list /dev/sr0 /dev/sdb /dev/sr0",
            "++ local element",
            "++ element=/dev/sr0",
            "++ shift",
            "++ is_in_list_separator_helper '[[:space:]]' /dev/sr0 '/dev/sdb /dev/sr0'",
            "++ local sep element list",
            "++ sep='[[:space:]]'",
            "++ shift",
            "++ element=/dev/sr0",
            "++ shift",
            "++ list='/dev/sdb /dev/sr0'",
            "++ echo /dev/sdb /dev/sr0",
            "++ grep -qe '^\\(.*[[:space:]]\\)\\?/dev/sr0\\([[:space:]].*\\)\\?$'",
            "+++ subdevices /sys/block/sr0",
            "+++ sysblock=/sys/block/sr0",
            "+++ r=",
            "+++ for dev in \"${sysblock}\"/* \"${sysblock}\"",
            "+++ '[' -e /sys/block/sr0/alignment_offset/dev ']'",
            "+++ for dev in \"${sysblock}\"/* \"${sysblock}\"",
            "+++ '[' -e /sys/block/sr0/bdi/dev ']'",
            "+++ for dev in \"${sysblock}\"/* \"${sysblock}\"",
            "+++ '[' -e /sys/block/sr0/capability/dev ']'",
            "+++ for dev in \"${sysblock}\"/* \"${sysblock}\"",
            "+++ '[' -e /sys/block/sr0/dev/dev ']'",
            "+++ for dev in \"${sysblock}\"/* \"${sysblock}\"",
            "+++ '[' -e /sys/block/sr0/device/dev ']'",
            "+++ for dev in \"${sysblock}\"/* \"${sysblock}\"",
            "+++ '[' -e /sys/block/sr0/discard_alignment/dev ']'",
            "+++ for dev in \"${sysblock}\"/* \"${sysblock}\"",
            "+++ '[' -e /sys/block/sr0/events/dev ']'",
            "+++ for dev in \"${sysblock}\"/* \"${sysblock}\"",
            "+++ '[' -e /sys/block/sr0/events_async/dev ']'",
            "+++ for dev in \"${sysblock}\"/* \"${sysblock}\"",
            "+++ '[' -e /sys/block/sr0/events_poll_msecs/dev ']'",
            "+++ for dev in \"${sysblock}\"/* \"${sysblock}\"",
            "+++ '[' -e /sys/block/sr0/ext_range/dev ']'",
            "+++ for dev in \"${sysblock}\"/* \"${sysblock}\"",
            "+++ '[' -e /sys/block/sr0/hidden/dev ']'",
            "+++ for dev in \"${sysblock}\"/* \"${sysblock}\"",
            "+++ '[' -e /sys/block/sr0/holders/dev ']'",
            "+++ for dev in \"${sysblock}\"/* \"${sysblock}\"",
            "+++ '[' -e /sys/block/sr0/inflight/dev ']'",
            "+++ for dev in \"${sysblock}\"/* \"${sysblock}\"",
            "+++ '[' -e /sys/block/sr0/integrity/dev ']'",
            "+++ for dev in \"${sysblock}\"/* \"${sysblock}\"",
            "+++ '[' -e /sys/block/sr0/mq/dev ']'",
            "+++ for dev in \"${sysblock}\"/* \"${sysblock}\"",
            "+++ '[' -e /sys/block/sr0/power/dev ']'",
            "+++ for dev in \"${sysblock}\"/* \"${sysblock}\"",
            "+++ '[' -e /sys/block/sr0/queue/dev ']'",
            "+++ for dev in \"${sysblock}\"/* \"${sysblock}\"",
            "+++ '[' -e /sys/block/sr0/range/dev ']'",
            "+++ for dev in \"${sysblock}\"/* \"${sysblock}\"",
            "+++ '[' -e /sys/block/sr0/removable/dev ']'",
            "+++ for dev in \"${sysblock}\"/* \"${sysblock}\"",
            "+++ '[' -e /sys/block/sr0/ro/dev ']'",
            "+++ for dev in \"${sysblock}\"/* \"${sysblock}\"",
            "+++ '[' -e /sys/block/sr0/size/dev ']'",
            "+++ for dev in \"${sysblock}\"/* \"${sysblock}\"",
            "+++ '[' -e /sys/block/sr0/slaves/dev ']'",
            "+++ for dev in \"${sysblock}\"/* \"${sysblock}\"",
            "+++ '[' -e /sys/block/sr0/stat/dev ']'",
            "+++ for dev in \"${sysblock}\"/* \"${sysblock}\"",
            "+++ '[' -e /sys/block/sr0/subsystem/dev ']'",
            "+++ for dev in \"${sysblock}\"/* \"${sysblock}\"",
            "+++ '[' -e /sys/block/sr0/trace/dev ']'",
            "+++ for dev in \"${sysblock}\"/* \"${sysblock}\"",
            "+++ '[' -e /sys/block/sr0/uevent/dev ']'",
            "+++ for dev in \"${sysblock}\"/* \"${sysblock}\"",
            "+++ '[' -e /sys/block/sr0/dev ']'",
            "+++ r=' /sys/block/sr0'",
            "+++ echo /sys/block/sr0",
            "++ for dev in $(subdevices \"${sysblock}\")",
            "+++ sys2dev /sys/block/sr0",
            "+++ sysdev=/block/sr0",
            "++++ udevadm info -q name -p /block/sr0",
            "+++ echo /dev/sr0",
            "++ devname=/dev/sr0",
            "++ is_in_space_sep_list /dev/sr0",
            "++ local element",
            "++ element=/dev/sr0",
            "++ shift",
            "++ is_in_list_separator_helper '[[:space:]]' /dev/sr0 ''",
            "++ local sep element list",
            "++ sep='[[:space:]]'",
            "++ shift",
            "++ element=/dev/sr0",
            "++ shift",
            "++ list=",
            "++ echo",
            "++ grep -qe '^\\(.*[[:space:]]\\)\\?/dev/sr0\\([[:space:]].*\\)\\?$'",
            "++ echo /dev/sr0",
            "+ for dev in $(storage_devices \"\" \"${whitelistdev}\")",
            "+ is_luks_partition /dev/sdb1",
            "+ device=/dev/sdb1",
            "+ cryptsetup isLuks /dev/sdb1",
            "+ is_luks_partition /dev/sdb1",
            "+ device=/dev/sdb1",
            "+ cryptsetup isLuks /dev/sdb1",
            "+ echo luks",
            "+ grep -qve '\\<none\\>'",
            "+ continue",
            "+ for dev in $(storage_devices \"\" \"${whitelistdev}\")",
            "+ is_luks_partition /dev/sdb2",
            "+ device=/dev/sdb2",
            "+ cryptsetup isLuks /dev/sdb2",
            "+ grep -qve '\\<luks\\>'",
            "+ echo luks",
            "+ is_luks_partition /dev/sdb2",
            "+ device=/dev/sdb2",
            "+ cryptsetup isLuks /dev/sdb2",
            "++ probe_for_gpt_name TailsData /dev/sdb2",
            "++ local overlays dev gpt_dev gpt_name",
            "++ overlays=TailsData",
            "++ dev=/dev/sdb2",
            "++ gpt_dev=/dev/sdb2",
            "++ is_active_luks_mapping /dev/sdb2",
            "++ device=/dev/sdb2",
            "++ cryptsetup status /dev/sdb2",
            "++ is_gpt_device /dev/sdb2",
            "++ local dev",
            "++ dev=/dev/sdb2",
            "+++ blkid -s PART_ENTRY_SCHEME -p -o value /dev/sdb2",
            "++ '[' gpt = gpt ']'",
            "+++ get_gpt_name /dev/sdb2",
            "+++ local dev",
            "+++ dev=/dev/sdb2",
            "+++ blkid -s PART_ENTRY_NAME -p -o value /dev/sdb2",
            "++ gpt_name=TailsData",
            "++ for label in ${overlays}",
            "++ '[' TailsData = TailsData ']'",
            "++ echo TailsData=/dev/sdb2",
            "+ local result=TailsData=/dev/sdb2",
            "+ '[' -n TailsData=/dev/sdb2 ']'",
            "+ echo /dev/sdb2",
            "+ for dev in $(storage_devices \"\" \"${whitelistdev}\")",
            "+ is_luks_partition /dev/sdb",
            "+ device=/dev/sdb",
            "+ cryptsetup isLuks /dev/sdb",
            "+ is_luks_partition /dev/sdb",
            "+ device=/dev/sdb",
            "+ cryptsetup isLuks /dev/sdb",
            "+ echo luks",
            "+ grep -qve '\\<none\\>'",
            "+ continue",
            "+ for dev in $(storage_devices \"\" \"${whitelistdev}\")",
            "+ is_luks_partition /dev/sr0",
            "+ device=/dev/sr0",
            "+ cryptsetup isLuks /dev/sr0",
            "+ is_luks_partition /dev/sr0",
            "+ device=/dev/sr0",
            "+ cryptsetup isLuks /dev/sr0",
            "+ echo luks",
            "+ grep -qve '\\<none\\>'",
            "+ continue",
            "+ exit 0"
        ]
    },
    {
        "key": "/lib/live/mount/medium/live/Tails.module",
        "content": [
            "filesystem.squashfs"
        ]
    },
    {
        "key": "/lib/live/mount/rootfs/filesystem.squashfs/etc/os-release",
        "content": [
            "TAILS_PRODUCT_NAME=\"Tails\"",
            "TAILS_VERSION_ID=\"4.13\"",
            "TAILS_DISTRIBUTION=\"unstable\""
        ]
    },
    {
        "key": "/bin/journalctl --catalog --no-pager",
        "content": [
            "-- Logs begin at Wed 2020-12-16 03:48:16 UTC, end at Wed 2020-12-16 10:47:51 UTC. --",
            "12\u6708 16 10:42:53 amnesia kernel: microcode: microcode updated early to revision 0x26, date = 2019-11-12",
            "12\u6708 16 10:42:53 amnesia kernel: Linux version 5.8.0-2-amd64 (debian-kernel@lists.debian.org) (gcc-10 (Debian 10.2.0-9) 10.2.0, GNU ld (GNU Binutils for Debian) 2.35) #1 SMP Debian 5.8.10-1 (2020-09-19)",
            "12\u6708 16 10:42:53 amnesia kernel: Command line: BOOT_IMAGE=/live/vmlinuz initrd=/live/initrd.img boot=live config live-media=removable nopersistence noprompt timezone=Etc/UTC block.events_dfl_poll_msecs=1000 splash noautologin module=Tails slab_nomerge slub_debug=FZP mce=0 vsyscall=none page_poison=1 init_on_free=1 mds=full,nosmt FSUUID=8AE7-831B quiet",
            "12\u6708 16 10:42:53 amnesia kernel: x86/fpu: Supporting XSAVE feature 0x001: 'x87 floating point registers'",
            "12\u6708 16 10:42:53 amnesia kernel: x86/fpu: Supporting XSAVE feature 0x002: 'SSE registers'",
            "12\u6708 16 10:42:53 amnesia kernel: x86/fpu: Supporting XSAVE feature 0x004: 'AVX registers'",
            "12\u6708 16 10:42:53 amnesia kernel: x86/fpu: xstate_offset[2]:  576, xstate_sizes[2]:  256",
            "12\u6708 16 10:42:53 amnesia kernel: x86/fpu: Enabled xstate features 0x7, context size is 832 bytes, using 'standard' format.",
            "12\u6708 16 10:42:53 amnesia kernel: BIOS-provided physical RAM map:",
            "12\u6708 16 10:42:53 amnesia kernel: BIOS-e820: [mem 0x0000000000000000-0x0000000000057fff] usable",
            "12\u6708 16 10:42:53 amnesia kernel: BIOS-e820: [mem 0x0000000000058000-0x0000000000058fff] reserved",
            "12\u6708 16 10:42:53 amnesia kernel: BIOS-e820: [mem 0x0000000000059000-0x000000000009efff] usable",
            "12\u6708 16 10:42:53 amnesia kernel: BIOS-e820: [mem 0x000000000009f000-0x000000000009ffff] reserved",
            "12\u6708 16 10:42:53 amnesia kernel: BIOS-e820: [mem 0x0000000000100000-0x00000000caf38fff] usable",
            "12\u6708 16 10:42:53 amnesia kernel: BIOS-e820: [mem 0x00000000caf39000-0x00000000caf3ffff] ACPI NVS",
            "12\u6708 16 10:42:53 amnesia kernel: BIOS-e820: [mem 0x00000000caf40000-0x00000000cb36afff] usable",
            "12\u6708 16 10:42:53 amnesia kernel: BIOS-e820: [mem 0x00000000cb36b000-0x00000000cb966fff] reserved",
            "12\u6708 16 10:42:53 amnesia kernel: BIOS-e820: [mem 0x00000000cb967000-0x00000000da86bfff] usable",
            "12\u6708 16 10:42:53 amnesia kernel: BIOS-e820: [mem 0x00000000da86c000-0x00000000dabddfff] reserved",
            "12\u6708 16 10:42:53 amnesia kernel: BIOS-e820: [mem 0x00000000dabde000-0x00000000dabf8fff] ACPI data",
            "12\u6708 16 10:42:53 amnesia kernel: BIOS-e820: [mem 0x00000000dabf9000-0x00000000db574fff] ACPI NVS",
            "12\u6708 16 10:42:53 amnesia kernel: BIOS-e820: [mem 0x00000000db575000-0x00000000dbf70fff] reserved",
            "12\u6708 16 10:42:53 amnesia kernel: BIOS-e820: [mem 0x00000000dbf71000-0x00000000dbffefff] type 20",
            "12\u6708 16 10:42:53 amnesia kernel: BIOS-e820: [mem 0x00000000dbfff000-0x00000000dbffffff] usable",
            "12\u6708 16 10:42:53 amnesia kernel: BIOS-e820: [mem 0x00000000dd000000-0x00000000df1fffff] reserved",
            "12\u6708 16 10:42:53 amnesia kernel: BIOS-e820: [mem 0x00000000f8000000-0x00000000fbffffff] reserved",
            "12\u6708 16 10:42:53 amnesia kernel: BIOS-e820: [mem 0x00000000fec00000-0x00000000fec00fff] reserved",
            "12\u6708 16 10:42:53 amnesia kernel: BIOS-e820: [mem 0x00000000fed00000-0x00000000fed03fff] reserved",
            "12\u6708 16 10:42:53 amnesia kernel: BIOS-e820: [mem 0x00000000fed1c000-0x00000000fed1ffff] reserved",
            "12\u6708 16 10:42:53 amnesia kernel: BIOS-e820: [mem 0x00000000fee00000-0x00000000fee00fff] reserved",
            "12\u6708 16 10:42:53 amnesia kernel: BIOS-e820: [mem 0x00000000ff000000-0x00000000ffffffff] reserved",
            "12\u6708 16 10:42:53 amnesia kernel: BIOS-e820: [mem 0x0000000100000000-0x000000021fdfffff] usable",
            "12\u6708 16 10:42:53 amnesia kernel: mem auto-init: CONFIG_PAGE_POISONING is on, will take precedence over init_on_free",
            "12\u6708 16 10:42:53 amnesia kernel: NX (Execute Disable) protection: active",
            "12\u6708 16 10:42:53 amnesia kernel: efi: EFI v2.31 by American Megatrends",
            "12\u6708 16 10:42:53 amnesia kernel: efi: ACPI=0xdabe3000 ACPI 2.0=0xdabe3000 SMBIOS=0xf04c0 ",
            "12\u6708 16 10:42:53 amnesia kernel: secureboot: Secure boot could not be determined (mode 0)",
            "12\u6708 16 10:42:53 amnesia kernel: SMBIOS 2.8 present.",
            "12\u6708 16 10:42:53 amnesia kernel: DMI: Dell Inc. Inspiron 3542/0KHNVP, BIOS A14 05/23/2018",
            "12\u6708 16 10:42:53 amnesia kernel: tsc: Fast TSC calibration using PIT",
            "12\u6708 16 10:42:53 amnesia kernel: tsc: Detected 1696.194 MHz processor",
            "12\u6708 16 10:42:53 amnesia kernel: e820: update [mem 0x00000000-0x00000fff] usable ==> reserved",
            "12\u6708 16 10:42:53 amnesia kernel: e820: remove [mem 0x000a0000-0x000fffff] usable",
            "12\u6708 16 10:42:53 amnesia kernel: last_pfn = 0x21fe00 max_arch_pfn = 0x400000000",
            "12\u6708 16 10:42:53 amnesia kernel: MTRR default type: uncachable",
            "12\u6708 16 10:42:53 amnesia kernel: MTRR fixed ranges enabled:",
            "12\u6708 16 10:42:53 amnesia kernel:   00000-9FFFF write-back",
            "12\u6708 16 10:42:53 amnesia kernel:   A0000-BFFFF uncachable",
            "12\u6708 16 10:42:53 amnesia kernel:   C0000-CFFFF write-protect",
            "12\u6708 16 10:42:53 amnesia kernel:   D0000-DFFFF uncachable",
            "12\u6708 16 10:42:53 amnesia kernel:   E0000-FFFFF write-protect",
            "12\u6708 16 10:42:53 amnesia kernel: MTRR variable ranges enabled:",
            "12\u6708 16 10:42:53 amnesia kernel:   0 base 0000000000 mask 7E00000000 write-back",
            "12\u6708 16 10:42:53 amnesia kernel:   1 base 0200000000 mask 7FE0000000 write-back",
            "12\u6708 16 10:42:53 amnesia kernel:   2 base 00E0000000 mask 7FE0000000 uncachable",
            "12\u6708 16 10:42:53 amnesia kernel:   3 base 00DE000000 mask 7FFE000000 uncachable",
            "12\u6708 16 10:42:53 amnesia kernel:   4 base 00DD000000 mask 7FFF000000 uncachable",
            "12\u6708 16 10:42:53 amnesia kernel:   5 base 021FE00000 mask 7FFFE00000 uncachable",
            "12\u6708 16 10:42:53 amnesia kernel:   6 disabled",
            "12\u6708 16 10:42:53 amnesia kernel:   7 disabled",
            "12\u6708 16 10:42:53 amnesia kernel:   8 disabled",
            "12\u6708 16 10:42:53 amnesia kernel:   9 disabled",
            "12\u6708 16 10:42:53 amnesia kernel: x86/PAT: Configuration [0-7]: WB  WC  UC- UC  WB  WP  UC- WT  ",
            "12\u6708 16 10:42:53 amnesia kernel: e820: update [mem 0xdd000000-0xffffffff] usable ==> reserved",
            "12\u6708 16 10:42:53 amnesia kernel: last_pfn = 0xdc000 max_arch_pfn = 0x400000000",
            "12\u6708 16 10:42:53 amnesia kernel: found SMP MP-table at [mem 0x000fdad0-0x000fdadf]",
            "12\u6708 16 10:42:53 amnesia kernel: Using GB pages for direct mapping",
            "12\u6708 16 10:42:53 amnesia kernel: RAMDISK: [mem 0x34361000-0x361a7fff]",
            "12\u6708 16 10:42:53 amnesia kernel: ACPI: Early table checksum verification disabled",
            "12\u6708 16 10:42:53 amnesia kernel: ACPI: RSDP 0x00000000DABE3000 000024 (v02 DELL  )",
            "12\u6708 16 10:42:53 amnesia kernel: ACPI: XSDT 0x00000000DABE3088 000094 (v01 DELL   WN09     01072009 AMI  00010013)",
            "12\u6708 16 10:42:53 amnesia kernel: ACPI: FACP 0x00000000DABF3790 00010C (v05 DELL   WN09     01072009 AMI  00010013)",
            "12\u6708 16 10:42:53 amnesia kernel: ACPI: DSDT 0x00000000DABE31B0 0105E0 (v02 DELL   WN09     00000000 INTL 20120711)",
            "12\u6708 16 10:42:53 amnesia kernel: ACPI: FACS 0x00000000DB571F80 000040",
            "12\u6708 16 10:42:53 amnesia kernel: ACPI: APIC 0x00000000DABF38A0 000072 (v03 DELL   WN09     01072009 AMI  00010013)",
            "12\u6708 16 10:42:53 amnesia kernel: ACPI: FPDT 0x00000000DABF3918 000044 (v01 DELL   WN09     01072009 AMI  00010013)",
            "12\u6708 16 10:42:53 amnesia kernel: ACPI: ASF! 0x00000000DABF3960 0000A5 (v32 INTEL   HCG     00000001 TFSM 000F4240)",
            "12\u6708 16 10:42:53 amnesia kernel: ACPI: LPIT 0x00000000DABF3A08 000094 (v01 ALASKA          00000000 AMI. 00000005)",
            "12\u6708 16 10:42:53 amnesia kernel: ACPI: SSDT 0x00000000DABF3AA0 000228 (v01 INTEL  sensrhub 00000000 INTL 20120711)",
            "12\u6708 16 10:42:53 amnesia kernel: ACPI: SSDT 0x00000000DABF3CC8 000494 (v01 PmRef  Cpu0Ist  00003000 INTL 20120711)",
            "12\u6708 16 10:42:53 amnesia kernel: ACPI: SSDT 0x00000000DABF4160 000AD8 (v01 PmRef  CpuPm    00003000 INTL 20120711)",
            "12\u6708 16 10:42:53 amnesia kernel: ACPI: MCFG 0x00000000DABF4C38 00003C (v01 DELL   WN09     01072009 MSFT 00000097)",
            "12\u6708 16 10:42:53 amnesia kernel: ACPI: HPET 0x00000000DABF4C78 000038 (v01 DELL   WN09     01072009 AMI. 00000005)",
            "12\u6708 16 10:42:53 amnesia kernel: ACPI: SSDT 0x00000000DABF4CB0 000315 (v01 SataRe SataTabl 00001000 INTL 20120711)",
            "12\u6708 16 10:42:53 amnesia kernel: ACPI: SSDT 0x00000000DABF4FC8 0035A5 (v01 SaSsdt SaSsdt   00003000 INTL 20091112)",
            "12\u6708 16 10:42:53 amnesia kernel: ACPI: CSRT 0x00000000DABF8570 0000C4 (v01 INTL   HSWULT-R 00000001 INTL 20100528)",
            "12\u6708 16 10:42:53 amnesia kernel: ACPI: BGRT 0x00000000DABF8638 000038 (v00 DELL   WN09     01072009 AMI  00010013)",
            "12\u6708 16 10:42:53 amnesia kernel: ACPI: Local APIC address 0xfee00000",
            "12\u6708 16 10:42:53 amnesia kernel: No NUMA configuration found",
            "12\u6708 16 10:42:53 amnesia kernel: Faking a node at [mem 0x0000000000000000-0x000000021fdfffff]",
            "12\u6708 16 10:42:53 amnesia kernel: NODE_DATA(0) allocated [mem 0x21fdfb000-0x21fdfffff]",
            "12\u6708 16 10:42:53 amnesia kernel: Zone ranges:",
            "12\u6708 16 10:42:53 amnesia kernel:   DMA      [mem 0x0000000000001000-0x0000000000ffffff]",
            "12\u6708 16 10:42:53 amnesia kernel:   DMA32    [mem 0x0000000001000000-0x00000000ffffffff]",
            "12\u6708 16 10:42:53 amnesia kernel:   Normal   [mem 0x0000000100000000-0x000000021fdfffff]",
            "12\u6708 16 10:42:53 amnesia kernel:   Device   empty",
            "12\u6708 16 10:42:53 amnesia kernel: Movable zone start for each node",
            "12\u6708 16 10:42:53 amnesia kernel: Early memory node ranges",
            "12\u6708 16 10:42:53 amnesia kernel:   node   0: [mem 0x0000000000001000-0x0000000000057fff]",
            "12\u6708 16 10:42:53 amnesia kernel:   node   0: [mem 0x0000000000059000-0x000000000009efff]",
            "12\u6708 16 10:42:53 amnesia kernel:   node   0: [mem 0x0000000000100000-0x00000000caf38fff]",
            "12\u6708 16 10:42:53 amnesia kernel:   node   0: [mem 0x00000000caf40000-0x00000000cb36afff]",
            "12\u6708 16 10:42:53 amnesia kernel:   node   0: [mem 0x00000000cb967000-0x00000000da86bfff]",
            "12\u6708 16 10:42:53 amnesia kernel:   node   0: [mem 0x00000000dbfff000-0x00000000dbffffff]",
            "12\u6708 16 10:42:53 amnesia kernel:   node   0: [mem 0x0000000100000000-0x000000021fdfffff]",
            "12\u6708 16 10:42:53 amnesia kernel: Zeroed struct page in unavailable ranges: 24569 pages",
            "12\u6708 16 10:42:53 amnesia kernel: Initmem setup node 0 [mem 0x0000000000001000-0x000000021fdfffff]",
            "12\u6708 16 10:42:53 amnesia kernel: On node 0 totalpages: 2072583",
            "12\u6708 16 10:42:53 amnesia kernel:   DMA zone: 64 pages used for memmap",
            "12\u6708 16 10:42:53 amnesia kernel:   DMA zone: 27 pages reserved",
            "12\u6708 16 10:42:53 amnesia kernel:   DMA zone: 3997 pages, LIFO batch:0",
            "12\u6708 16 10:42:53 amnesia kernel:   DMA32 zone: 13898 pages used for memmap",
            "12\u6708 16 10:42:53 amnesia kernel:   DMA32 zone: 889450 pages, LIFO batch:63",
            "12\u6708 16 10:42:53 amnesia kernel:   Normal zone: 18424 pages used for memmap",
            "12\u6708 16 10:42:53 amnesia kernel:   Normal zone: 1179136 pages, LIFO batch:63",
            "12\u6708 16 10:42:53 amnesia kernel: Reserving Intel graphics memory at [mem 0xdd200000-0xdf1fffff]",
            "12\u6708 16 10:42:53 amnesia kernel: ACPI: PM-Timer IO Port: 0x1808",
            "12\u6708 16 10:42:53 amnesia kernel: ACPI: Local APIC address 0xfee00000",
            "12\u6708 16 10:42:53 amnesia kernel: ACPI: LAPIC_NMI (acpi_id[0xff] high edge lint[0x1])",
            "12\u6708 16 10:42:53 amnesia kernel: IOAPIC[0]: apic_id 8, version 32, address 0xfec00000, GSI 0-39",
            "12\u6708 16 10:42:53 amnesia kernel: ACPI: INT_SRC_OVR (bus 0 bus_irq 0 global_irq 2 dfl dfl)",
            "12\u6708 16 10:42:53 amnesia kernel: ACPI: INT_SRC_OVR (bus 0 bus_irq 9 global_irq 9 high level)",
            "12\u6708 16 10:42:53 amnesia kernel: ACPI: IRQ0 used by override.",
            "12\u6708 16 10:42:53 amnesia kernel: ACPI: IRQ9 used by override.",
            "12\u6708 16 10:42:53 amnesia kernel: Using ACPI (MADT) for SMP configuration information",
            "12\u6708 16 10:42:53 amnesia kernel: ACPI: HPET id: 0x8086a701 base: 0xfed00000",
            "12\u6708 16 10:42:53 amnesia kernel: e820: update [mem 0xcf148000-0xcf175fff] usable ==> reserved",
            "12\u6708 16 10:42:53 amnesia kernel: TSC deadline timer available",
            "12\u6708 16 10:42:53 amnesia kernel: smpboot: Allowing 4 CPUs, 0 hotplug CPUs",
            "12\u6708 16 10:42:53 amnesia kernel: PM: hibernation: Registered nosave memory: [mem 0x00000000-0x00000fff]",
            "12\u6708 16 10:42:53 amnesia kernel: PM: hibernation: Registered nosave memory: [mem 0x00058000-0x00058fff]",
            "12\u6708 16 10:42:53 amnesia kernel: PM: hibernation: Registered nosave memory: [mem 0x0009f000-0x0009ffff]",
            "12\u6708 16 10:42:53 amnesia kernel: PM: hibernation: Registered nosave memory: [mem 0x000a0000-0x000fffff]",
            "12\u6708 16 10:42:53 amnesia kernel: PM: hibernation: Registered nosave memory: [mem 0xcaf39000-0xcaf3ffff]",
            "12\u6708 16 10:42:53 amnesia kernel: PM: hibernation: Registered nosave memory: [mem 0xcb36b000-0xcb966fff]",
            "12\u6708 16 10:42:53 amnesia kernel: PM: hibernation: Registered nosave memory: [mem 0xcf148000-0xcf175fff]",
            "12\u6708 16 10:42:53 amnesia kernel: PM: hibernation: Registered nosave memory: [mem 0xda86c000-0xdabddfff]",
            "12\u6708 16 10:42:53 amnesia kernel: PM: hibernation: Registered nosave memory: [mem 0xdabde000-0xdabf8fff]",
            "12\u6708 16 10:42:53 amnesia kernel: PM: hibernation: Registered nosave memory: [mem 0xdabf9000-0xdb574fff]",
            "12\u6708 16 10:42:53 amnesia kernel: PM: hibernation: Registered nosave memory: [mem 0xdb575000-0xdbf70fff]",
            "12\u6708 16 10:42:53 amnesia kernel: PM: hibernation: Registered nosave memory: [mem 0xdbf71000-0xdbffefff]",
            "12\u6708 16 10:42:53 amnesia kernel: PM: hibernation: Registered nosave memory: [mem 0xdc000000-0xdcffffff]",
            "12\u6708 16 10:42:53 amnesia kernel: PM: hibernation: Registered nosave memory: [mem 0xdd000000-0xdf1fffff]",
            "12\u6708 16 10:42:53 amnesia kernel: PM: hibernation: Registered nosave memory: [mem 0xdf200000-0xf7ffffff]",
            "12\u6708 16 10:42:53 amnesia kernel: PM: hibernation: Registered nosave memory: [mem 0xf8000000-0xfbffffff]",
            "12\u6708 16 10:42:53 amnesia kernel: PM: hibernation: Registered nosave memory: [mem 0xfc000000-0xfebfffff]",
            "12\u6708 16 10:42:53 amnesia kernel: PM: hibernation: Registered nosave memory: [mem 0xfec00000-0xfec00fff]",
            "12\u6708 16 10:42:53 amnesia kernel: PM: hibernation: Registered nosave memory: [mem 0xfec01000-0xfecfffff]",
            "12\u6708 16 10:42:53 amnesia kernel: PM: hibernation: Registered nosave memory: [mem 0xfed00000-0xfed03fff]",
            "12\u6708 16 10:42:53 amnesia kernel: PM: hibernation: Registered nosave memory: [mem 0xfed04000-0xfed1bfff]",
            "12\u6708 16 10:42:53 amnesia kernel: PM: hibernation: Registered nosave memory: [mem 0xfed1c000-0xfed1ffff]",
            "12\u6708 16 10:42:53 amnesia kernel: PM: hibernation: Registered nosave memory: [mem 0xfed20000-0xfedfffff]",
            "12\u6708 16 10:42:53 amnesia kernel: PM: hibernation: Registered nosave memory: [mem 0xfee00000-0xfee00fff]",
            "12\u6708 16 10:42:53 amnesia kernel: PM: hibernation: Registered nosave memory: [mem 0xfee01000-0xfeffffff]",
            "12\u6708 16 10:42:53 amnesia kernel: PM: hibernation: Registered nosave memory: [mem 0xff000000-0xffffffff]",
            "12\u6708 16 10:42:53 amnesia kernel: [mem 0xdf200000-0xf7ffffff] available for PCI devices",
            "12\u6708 16 10:42:53 amnesia kernel: Booting paravirtualized kernel on bare hardware",
            "12\u6708 16 10:42:53 amnesia kernel: clocksource: refined-jiffies: mask: 0xffffffff max_cycles: 0xffffffff, max_idle_ns: 7645519600211568 ns",
            "12\u6708 16 10:42:53 amnesia kernel: setup_percpu: NR_CPUS:512 nr_cpumask_bits:512 nr_cpu_ids:4 nr_node_ids:1",
            "12\u6708 16 10:42:53 amnesia kernel: percpu: Embedded 55 pages/cpu s184856 r8192 d32232 u524288",
            "12\u6708 16 10:42:53 amnesia kernel: pcpu-alloc: s184856 r8192 d32232 u524288 alloc=1*2097152",
            "12\u6708 16 10:42:53 amnesia kernel: pcpu-alloc: [0] 0 1 2 3 ",
            "12\u6708 16 10:42:53 amnesia kernel: Built 1 zonelists, mobility grouping on.  Total pages: 2040170",
            "12\u6708 16 10:42:53 amnesia kernel: Policy zone: Normal",
            "12\u6708 16 10:42:53 amnesia kernel: Kernel command line: BOOT_IMAGE=/live/vmlinuz initrd=/live/initrd.img boot=live config live-media=removable nopersistence noprompt timezone=Etc/UTC block.events_dfl_poll_msecs=1000 splash noautologin module=Tails slab_nomerge slub_debug=FZP mce=0 vsyscall=none page_poison=1 init_on_free=1 mds=full,nosmt FSUUID=8AE7-831B quiet",
            "12\u6708 16 10:42:53 amnesia kernel: mem auto-init: SLAB_POISON will take precedence over init_on_alloc/init_on_free",
            "12\u6708 16 10:42:53 amnesia kernel: Dentry cache hash table entries: 1048576 (order: 11, 8388608 bytes, linear)",
            "12\u6708 16 10:42:53 amnesia kernel: Inode-cache hash table entries: 524288 (order: 10, 4194304 bytes, linear)",
            "12\u6708 16 10:42:53 amnesia kernel: mem auto-init: stack:off, heap alloc:off, heap free:off",
            "12\u6708 16 10:42:53 amnesia kernel: Memory: 3410516K/8290332K available (12291K kernel code, 1292K rwdata, 3888K rodata, 1624K init, 1824K bss, 465740K reserved, 0K cma-reserved)",
            "12\u6708 16 10:42:53 amnesia kernel: random: get_random_u64 called from __kmem_cache_create+0x3e/0x600 with crng_init=0",
            "12\u6708 16 10:42:53 amnesia kernel: SLUB: HWalign=64, Order=0-3, MinObjects=0, CPUs=4, Nodes=1",
            "12\u6708 16 10:42:53 amnesia kernel: Kernel/User page tables isolation: enabled",
            "12\u6708 16 10:42:53 amnesia kernel: ftrace: allocating 34328 entries in 135 pages",
            "12\u6708 16 10:42:53 amnesia kernel: ftrace: allocated 135 pages with 4 groups",
            "12\u6708 16 10:42:53 amnesia kernel: rcu: Hierarchical RCU implementation.",
            "12\u6708 16 10:42:53 amnesia kernel: rcu:         RCU restricting CPUs from NR_CPUS=512 to nr_cpu_ids=4.",
            "12\u6708 16 10:42:53 amnesia kernel:         Rude variant of Tasks RCU enabled.",
            "12\u6708 16 10:42:53 amnesia kernel: rcu: RCU calculated value of scheduler-enlistment delay is 25 jiffies.",
            "12\u6708 16 10:42:53 amnesia kernel: rcu: Adjusting geometry for rcu_fanout_leaf=16, nr_cpu_ids=4",
            "12\u6708 16 10:42:53 amnesia kernel: NR_IRQS: 33024, nr_irqs: 728, preallocated irqs: 16",
            "12\u6708 16 10:42:53 amnesia kernel: random: crng done (trusting CPU's manufacturer)",
            "12\u6708 16 10:42:53 amnesia kernel: Console: colour dummy device 80x25",
            "12\u6708 16 10:42:53 amnesia kernel: printk: console [tty0] enabled",
            "12\u6708 16 10:42:53 amnesia kernel: ACPI: Core revision 20200528",
            "12\u6708 16 10:42:53 amnesia kernel: clocksource: hpet: mask: 0xffffffff max_cycles: 0xffffffff, max_idle_ns: 133484882848 ns",
            "12\u6708 16 10:42:53 amnesia kernel: APIC: Switch to symmetric I/O mode setup",
            "12\u6708 16 10:42:53 amnesia kernel: ..TIMER: vector=0x30 apic1=0 pin1=2 apic2=0 pin2=0",
            "12\u6708 16 10:42:53 amnesia kernel: clocksource: tsc-early: mask: 0xffffffffffffffff max_cycles: 0x18731be2d00, max_idle_ns: 440795242725 ns",
            "12\u6708 16 10:42:53 amnesia kernel: Calibrating delay loop (skipped), value calculated using timer frequency.. 3392.38 BogoMIPS (lpj=6784776)",
            "12\u6708 16 10:42:53 amnesia kernel: pid_max: default: 32768 minimum: 301",
            "12\u6708 16 10:42:53 amnesia kernel: LSM: Security Framework initializing",
            "12\u6708 16 10:42:53 amnesia kernel: Yama: disabled by default; enable with sysctl kernel.yama.*",
            "12\u6708 16 10:42:53 amnesia kernel: AppArmor: AppArmor initialized",
            "12\u6708 16 10:42:53 amnesia kernel: TOMOYO Linux initialized",
            "12\u6708 16 10:42:53 amnesia kernel: Mount-cache hash table entries: 16384 (order: 5, 131072 bytes, linear)",
            "12\u6708 16 10:42:53 amnesia kernel: Mountpoint-cache hash table entries: 16384 (order: 5, 131072 bytes, linear)",
            "12\u6708 16 10:42:53 amnesia kernel: mce: CPU0: Thermal monitoring enabled (TM1)",
            "12\u6708 16 10:42:53 amnesia kernel: process: using mwait in idle threads",
            "12\u6708 16 10:42:53 amnesia kernel: Last level iTLB entries: 4KB 1024, 2MB 1024, 4MB 1024",
            "12\u6708 16 10:42:53 amnesia kernel: Last level dTLB entries: 4KB 1024, 2MB 1024, 4MB 1024, 1GB 4",
            "12\u6708 16 10:42:53 amnesia kernel: Spectre V1 : Mitigation: usercopy/swapgs barriers and __user pointer sanitization",
            "12\u6708 16 10:42:53 amnesia kernel: Spectre V2 : Mitigation: Full generic retpoline",
            "12\u6708 16 10:42:53 amnesia kernel: Spectre V2 : Spectre v2 / SpectreRSB mitigation: Filling RSB on context switch",
            "12\u6708 16 10:42:53 amnesia kernel: Spectre V2 : Enabling Restricted Speculation for firmware calls",
            "12\u6708 16 10:42:53 amnesia kernel: Spectre V2 : mitigation: Enabling conditional Indirect Branch Prediction Barrier",
            "12\u6708 16 10:42:53 amnesia kernel: Spectre V2 : User space: Mitigation: STIBP via seccomp and prctl",
            "12\u6708 16 10:42:53 amnesia kernel: Speculative Store Bypass: Mitigation: Speculative Store Bypass disabled via prctl and seccomp",
            "12\u6708 16 10:42:53 amnesia kernel: SMT: disabled",
            "12\u6708 16 10:42:53 amnesia kernel: SRBDS: Mitigation: Microcode",
            "12\u6708 16 10:42:53 amnesia kernel: MDS: Mitigation: Clear CPU buffers",
            "12\u6708 16 10:42:53 amnesia kernel: Freeing SMP alternatives memory: 32K",
            "12\u6708 16 10:42:53 amnesia kernel: smpboot: CPU0: Intel(R) Core(TM) i3-4005U CPU @ 1.70GHz (family: 0x6, model: 0x45, stepping: 0x1)",
            "12\u6708 16 10:42:53 amnesia kernel: Performance Events: PEBS fmt2+, Haswell events, 16-deep LBR, full-width counters, Intel PMU driver.",
            "12\u6708 16 10:42:53 amnesia kernel: ... version:                3",
            "12\u6708 16 10:42:53 amnesia kernel: ... bit width:              48",
            "12\u6708 16 10:42:53 amnesia kernel: ... generic registers:      4",
            "12\u6708 16 10:42:53 amnesia kernel: ... value mask:             0000ffffffffffff",
            "12\u6708 16 10:42:53 amnesia kernel: ... max period:             00007fffffffffff",
            "12\u6708 16 10:42:53 amnesia kernel: ... fixed-purpose events:   3",
            "12\u6708 16 10:42:53 amnesia kernel: ... event mask:             000000070000000f",
            "12\u6708 16 10:42:53 amnesia kernel: rcu: Hierarchical SRCU implementation.",
            "12\u6708 16 10:42:53 amnesia kernel: NMI watchdog: Enabled. Permanently consumes one hw-PMU counter.",
            "12\u6708 16 10:42:53 amnesia kernel: smp: Bringing up secondary CPUs ...",
            "12\u6708 16 10:42:53 amnesia kernel: x86: Booting SMP configuration:",
            "12\u6708 16 10:42:53 amnesia kernel: .... node  #0, CPUs:      #1 #2 #3",
            "12\u6708 16 10:42:53 amnesia kernel: smp: Brought up 1 node, 2 CPUs",
            "12\u6708 16 10:42:53 amnesia kernel: smpboot: Max logical packages: 2",
            "12\u6708 16 10:42:53 amnesia kernel: smpboot: Total of 2 processors activated (6784.77 BogoMIPS)",
            "12\u6708 16 10:42:53 amnesia kernel: node 0 deferred pages initialised in 440ms",
            "12\u6708 16 10:42:53 amnesia kernel: devtmpfs: initialized",
            "12\u6708 16 10:42:53 amnesia kernel: x86/mm: Memory block size: 128MB",
            "12\u6708 16 10:42:53 amnesia kernel: PM: Registering ACPI NVS region [mem 0xcaf39000-0xcaf3ffff] (28672 bytes)",
            "12\u6708 16 10:42:53 amnesia kernel: PM: Registering ACPI NVS region [mem 0xdabf9000-0xdb574fff] (9945088 bytes)",
            "12\u6708 16 10:42:53 amnesia kernel: clocksource: jiffies: mask: 0xffffffff max_cycles: 0xffffffff, max_idle_ns: 7645041785100000 ns",
            "12\u6708 16 10:42:53 amnesia kernel: futex hash table entries: 1024 (order: 4, 65536 bytes, linear)",
            "12\u6708 16 10:42:53 amnesia kernel: pinctrl core: initialized pinctrl subsystem",
            "12\u6708 16 10:42:53 amnesia kernel: thermal_sys: Registered thermal governor 'fair_share'",
            "12\u6708 16 10:42:53 amnesia kernel: thermal_sys: Registered thermal governor 'bang_bang'",
            "12\u6708 16 10:42:53 amnesia kernel: thermal_sys: Registered thermal governor 'step_wise'",
            "12\u6708 16 10:42:53 amnesia kernel: thermal_sys: Registered thermal governor 'user_space'",
            "12\u6708 16 10:42:53 amnesia kernel: NET: Registered protocol family 16",
            "12\u6708 16 10:42:53 amnesia kernel: audit: initializing netlink subsys (disabled)",
            "12\u6708 16 10:42:53 amnesia kernel: audit: type=2000 audit(1608115357.512:1): state=initialized audit_enabled=0 res=1",
            "12\u6708 16 10:42:53 amnesia kernel: cpuidle: using governor ladder",
            "12\u6708 16 10:42:53 amnesia kernel: cpuidle: using governor menu",
            "12\u6708 16 10:42:53 amnesia kernel: ACPI FADT declares the system doesn't support PCIe ASPM, so disable it",
            "12\u6708 16 10:42:53 amnesia kernel: ACPI: bus type PCI registered",
            "12\u6708 16 10:42:53 amnesia kernel: acpiphp: ACPI Hot Plug PCI Controller Driver version: 0.5",
            "12\u6708 16 10:42:53 amnesia kernel: PCI: MMCONFIG for domain 0000 [bus 00-3f] at [mem 0xf8000000-0xfbffffff] (base 0xf8000000)",
            "12\u6708 16 10:42:53 amnesia kernel: PCI: MMCONFIG at [mem 0xf8000000-0xfbffffff] reserved in E820",
            "12\u6708 16 10:42:53 amnesia kernel: pmd_set_huge: Cannot satisfy [mem 0xf8000000-0xf8200000] with a huge-page mapping due to MTRR override.",
            "12\u6708 16 10:42:53 amnesia kernel: PCI: Using configuration type 1 for base access",
            "12\u6708 16 10:42:53 amnesia kernel: core: PMU erratum BJ122, BV98, HSD29 workaround disabled, HT off",
            "12\u6708 16 10:42:53 amnesia kernel: ENERGY_PERF_BIAS: Set to 'normal', was 'performance'",
            "12\u6708 16 10:42:53 amnesia kernel: HugeTLB registered 1.00 GiB page size, pre-allocated 0 pages",
            "12\u6708 16 10:42:53 amnesia kernel: HugeTLB registered 2.00 MiB page size, pre-allocated 0 pages",
            "12\u6708 16 10:42:53 amnesia kernel: ACPI: Added _OSI(Module Device)",
            "12\u6708 16 10:42:53 amnesia kernel: ACPI: Added _OSI(Processor Device)",
            "12\u6708 16 10:42:53 amnesia kernel: ACPI: Added _OSI(3.0 _SCP Extensions)",
            "12\u6708 16 10:42:53 amnesia kernel: ACPI: Added _OSI(Processor Aggregator Device)",
            "12\u6708 16 10:42:53 amnesia kernel: ACPI: Added _OSI(Linux-Dell-Video)",
            "12\u6708 16 10:42:53 amnesia kernel: ACPI: Added _OSI(Linux-Lenovo-NV-HDMI-Audio)",
            "12\u6708 16 10:42:53 amnesia kernel: ACPI: Added _OSI(Linux-HPI-Hybrid-Graphics)",
            "12\u6708 16 10:42:53 amnesia kernel: ACPI: 6 ACPI AML tables successfully acquired and loaded",
            "12\u6708 16 10:42:53 amnesia kernel: ACPI: [Firmware Bug]: BIOS _OSI(Linux) query ignored",
            "12\u6708 16 10:42:53 amnesia kernel: ACPI: Dynamic OEM Table Load:",
            "12\u6708 16 10:42:53 amnesia kernel: ACPI: SSDT 0xFFFFA01E3268E400 0003D3 (v01 PmRef  Cpu0Cst  00003001 INTL 20120711)",
            "12\u6708 16 10:42:53 amnesia kernel: ACPI: Dynamic OEM Table Load:",
            "12\u6708 16 10:42:53 amnesia kernel: ACPI: SSDT 0xFFFFA01DC75ED000 0005AA (v01 PmRef  ApIst    00003000 INTL 20120711)",
            "12\u6708 16 10:42:53 amnesia kernel: ACPI: Dynamic OEM Table Load:",
            "12\u6708 16 10:42:53 amnesia kernel: ACPI: SSDT 0xFFFFA01DC75E3800 000119 (v01 PmRef  ApCst    00003000 INTL 20120711)",
            "12\u6708 16 10:42:53 amnesia kernel: ACPI: Interpreter enabled",
            "12\u6708 16 10:42:53 amnesia kernel: ACPI: (supports S0 S3 S4 S5)",
            "12\u6708 16 10:42:53 amnesia kernel: ACPI: Using IOAPIC for interrupt routing",
            "12\u6708 16 10:42:53 amnesia kernel: PCI: Using host bridge windows from ACPI; if necessary, use \"pci=nocrs\" and report a bug",
            "12\u6708 16 10:42:53 amnesia kernel: ACPI: Enabled 6 GPEs in block 00 to 7F",
            "12\u6708 16 10:42:53 amnesia kernel: ACPI: PCI Root Bridge [PCI0] (domain 0000 [bus 00-3e])",
            "12\u6708 16 10:42:53 amnesia kernel: acpi PNP0A08:00: _OSC: OS supports [ExtendedConfig ASPM ClockPM Segments MSI HPX-Type3]",
            "12\u6708 16 10:42:53 amnesia kernel: acpi PNP0A08:00: _OSC: platform does not support [PCIeHotplug SHPCHotplug PME]",
            "12\u6708 16 10:42:53 amnesia kernel: acpi PNP0A08:00: _OSC: OS now controls [AER PCIeCapability LTR]",
            "12\u6708 16 10:42:53 amnesia kernel: acpi PNP0A08:00: FADT indicates ASPM is unsupported, using BIOS configuration",
            "12\u6708 16 10:42:53 amnesia kernel: PCI host bridge to bus 0000:00",
            "12\u6708 16 10:42:53 amnesia kernel: pci_bus 0000:00: root bus resource [io  0x0000-0x0cf7 window]",
            "12\u6708 16 10:42:53 amnesia kernel: pci_bus 0000:00: root bus resource [io  0x0d00-0xffff window]",
            "12\u6708 16 10:42:53 amnesia kernel: pci_bus 0000:00: root bus resource [mem 0x000a0000-0x000bffff window]",
            "12\u6708 16 10:42:53 amnesia kernel: pci_bus 0000:00: root bus resource [mem 0x000d0000-0x000d3fff window]",
            "12\u6708 16 10:42:53 amnesia kernel: pci_bus 0000:00: root bus resource [mem 0x000d4000-0x000d7fff window]",
            "12\u6708 16 10:42:53 amnesia kernel: pci_bus 0000:00: root bus resource [mem 0x000d8000-0x000dbfff window]",
            "12\u6708 16 10:42:53 amnesia kernel: pci_bus 0000:00: root bus resource [mem 0x000dc000-0x000dffff window]",
            "12\u6708 16 10:42:53 amnesia kernel: pci_bus 0000:00: root bus resource [mem 0xdf200000-0xfeafffff window]",
            "12\u6708 16 10:42:53 amnesia kernel: pci_bus 0000:00: root bus resource [bus 00-3e]",
            "12\u6708 16 10:42:53 amnesia kernel: pci 0000:00:00.0: [8086:0a04] type 00 class 0x060000",
            "12\u6708 16 10:42:53 amnesia kernel: pci 0000:00:02.0: [8086:0a16] type 00 class 0x030000",
            "12\u6708 16 10:42:53 amnesia kernel: pci 0000:00:02.0: reg 0x10: [mem 0xf7800000-0xf7bfffff 64bit]",
            "12\u6708 16 10:42:53 amnesia kernel: pci 0000:00:02.0: reg 0x18: [mem 0xe0000000-0xefffffff 64bit pref]",
            "12\u6708 16 10:42:53 amnesia kernel: pci 0000:00:02.0: reg 0x20: [io  0xf000-0xf03f]",
            "12\u6708 16 10:42:53 amnesia kernel: pci 0000:00:02.0: BAR 2: assigned to efifb",
            "12\u6708 16 10:42:53 amnesia kernel: pci 0000:00:03.0: [8086:0a0c] type 00 class 0x040300",
            "12\u6708 16 10:42:53 amnesia kernel: pci 0000:00:03.0: reg 0x10: [mem 0xf7e14000-0xf7e17fff 64bit]",
            "12\u6708 16 10:42:53 amnesia kernel: pci 0000:00:14.0: [8086:9c31] type 00 class 0x0c0330",
            "12\u6708 16 10:42:53 amnesia kernel: pci 0000:00:14.0: reg 0x10: [mem 0xf7e00000-0xf7e0ffff 64bit]",
            "12\u6708 16 10:42:53 amnesia kernel: pci 0000:00:14.0: PME# supported from D3hot D3cold",
            "12\u6708 16 10:42:53 amnesia kernel: pci 0000:00:16.0: [8086:9c3a] type 00 class 0x078000",
            "12\u6708 16 10:42:53 amnesia kernel: pci 0000:00:16.0: reg 0x10: [mem 0xf7e1d000-0xf7e1d01f 64bit]",
            "12\u6708 16 10:42:53 amnesia kernel: pci 0000:00:16.0: PME# supported from D0 D3hot D3cold",
            "12\u6708 16 10:42:53 amnesia kernel: pci 0000:00:1b.0: [8086:9c20] type 00 class 0x040300",
            "12\u6708 16 10:42:53 amnesia kernel: pci 0000:00:1b.0: reg 0x10: [mem 0xf7e10000-0xf7e13fff 64bit]",
            "12\u6708 16 10:42:53 amnesia kernel: pci 0000:00:1b.0: PME# supported from D0 D3hot D3cold",
            "12\u6708 16 10:42:53 amnesia kernel: pci 0000:00:1c.0: [8086:9c10] type 01 class 0x060400",
            "12\u6708 16 10:42:53 amnesia kernel: pci 0000:00:1c.0: PME# supported from D0 D3hot D3cold",
            "12\u6708 16 10:42:53 amnesia kernel: pci 0000:00:1c.2: [8086:9c14] type 01 class 0x060400",
            "12\u6708 16 10:42:53 amnesia kernel: pci 0000:00:1c.2: PME# supported from D0 D3hot D3cold",
            "12\u6708 16 10:42:53 amnesia kernel: pci 0000:00:1c.3: [8086:9c16] type 01 class 0x060400",
            "12\u6708 16 10:42:53 amnesia kernel: pci 0000:00:1c.3: PME# supported from D0 D3hot D3cold",
            "12\u6708 16 10:42:53 amnesia kernel: pci 0000:00:1d.0: [8086:9c26] type 00 class 0x0c0320",
            "12\u6708 16 10:42:53 amnesia kernel: pci 0000:00:1d.0: reg 0x10: [mem 0xf7e1b000-0xf7e1b3ff]",
            "12\u6708 16 10:42:53 amnesia kernel: pci 0000:00:1d.0: PME# supported from D0 D3hot D3cold",
            "12\u6708 16 10:42:53 amnesia kernel: pci 0000:00:1f.0: [8086:9c45] type 00 class 0x060100",
            "12\u6708 16 10:42:53 amnesia kernel: pci 0000:00:1f.2: [8086:9c03] type 00 class 0x010601",
            "12\u6708 16 10:42:53 amnesia kernel: pci 0000:00:1f.2: reg 0x10: [io  0xf0b0-0xf0b7]",
            "12\u6708 16 10:42:53 amnesia kernel: pci 0000:00:1f.2: reg 0x14: [io  0xf0a0-0xf0a3]",
            "12\u6708 16 10:42:53 amnesia kernel: pci 0000:00:1f.2: reg 0x18: [io  0xf090-0xf097]",
            "12\u6708 16 10:42:53 amnesia kernel: pci 0000:00:1f.2: reg 0x1c: [io  0xf080-0xf083]",
            "12\u6708 16 10:42:53 amnesia kernel: pci 0000:00:1f.2: reg 0x20: [io  0xf060-0xf07f]",
            "12\u6708 16 10:42:53 amnesia kernel: pci 0000:00:1f.2: reg 0x24: [mem 0xf7e1a000-0xf7e1a7ff]",
            "12\u6708 16 10:42:53 amnesia kernel: pci 0000:00:1f.2: PME# supported from D3hot",
            "12\u6708 16 10:42:53 amnesia kernel: pci 0000:00:1f.3: [8086:9c22] type 00 class 0x0c0500",
            "12\u6708 16 10:42:53 amnesia kernel: pci 0000:00:1f.3: reg 0x10: [mem 0xf7e19000-0xf7e190ff 64bit]",
            "12\u6708 16 10:42:53 amnesia kernel: pci 0000:00:1f.3: reg 0x20: [io  0xf040-0xf05f]",
            "12\u6708 16 10:42:53 amnesia kernel: acpiphp: Slot [1] registered",
            "12\u6708 16 10:42:53 amnesia kernel: pci 0000:00:1c.0: PCI bridge to [bus 04]",
            "12\u6708 16 10:42:53 amnesia kernel: pci 0000:06:00.0: [168c:0036] type 00 class 0x028000",
            "12\u6708 16 10:42:53 amnesia kernel: pci 0000:06:00.0: reg 0x10: [mem 0xf7d00000-0xf7d7ffff 64bit]",
            "12\u6708 16 10:42:53 amnesia kernel: pci 0000:06:00.0: reg 0x30: [mem 0xf7d80000-0xf7d8ffff pref]",
            "12\u6708 16 10:42:53 amnesia kernel: pci 0000:06:00.0: supports D1 D2",
            "12\u6708 16 10:42:53 amnesia kernel: pci 0000:06:00.0: PME# supported from D0 D1 D2 D3hot D3cold",
            "12\u6708 16 10:42:53 amnesia kernel: pci 0000:00:1c.2: PCI bridge to [bus 06]",
            "12\u6708 16 10:42:53 amnesia kernel: pci 0000:00:1c.2:   bridge window [mem 0xf7d00000-0xf7dfffff]",
            "12\u6708 16 10:42:53 amnesia kernel: pci 0000:07:00.0: [10ec:8136] type 00 class 0x020000",
            "12\u6708 16 10:42:53 amnesia kernel: pci 0000:07:00.0: reg 0x10: [io  0xe000-0xe0ff]",
            "12\u6708 16 10:42:53 amnesia kernel: pci 0000:07:00.0: reg 0x18: [mem 0xf7c00000-0xf7c00fff 64bit]",
            "12\u6708 16 10:42:53 amnesia kernel: pci 0000:07:00.0: reg 0x20: [mem 0xf0000000-0xf0003fff 64bit pref]",
            "12\u6708 16 10:42:53 amnesia kernel: pci 0000:07:00.0: supports D1 D2",
            "12\u6708 16 10:42:53 amnesia kernel: pci 0000:07:00.0: PME# supported from D0 D1 D2 D3hot D3cold",
            "12\u6708 16 10:42:53 amnesia kernel: pci 0000:00:1c.3: PCI bridge to [bus 07]",
            "12\u6708 16 10:42:53 amnesia kernel: pci 0000:00:1c.3:   bridge window [io  0xe000-0xefff]",
            "12\u6708 16 10:42:53 amnesia kernel: pci 0000:00:1c.3:   bridge window [mem 0xf7c00000-0xf7cfffff]",
            "12\u6708 16 10:42:53 amnesia kernel: pci 0000:00:1c.3:   bridge window [mem 0xf0000000-0xf00fffff 64bit pref]",
            "12\u6708 16 10:42:53 amnesia kernel: ACPI: PCI Interrupt Link [LNKA] (IRQs 3 4 5 6 10 *11 12 14 15)",
            "12\u6708 16 10:42:53 amnesia kernel: ACPI: PCI Interrupt Link [LNKB] (IRQs 3 4 5 6 10 11 12 14 15) *0, disabled.",
            "12\u6708 16 10:42:53 amnesia kernel: ACPI: PCI Interrupt Link [LNKC] (IRQs *3 4 5 6 10 11 12 14 15)",
            "12\u6708 16 10:42:53 amnesia kernel: ACPI: PCI Interrupt Link [LNKD] (IRQs 3 4 5 6 *10 11 12 14 15)",
            "12\u6708 16 10:42:53 amnesia kernel: ACPI: PCI Interrupt Link [LNKE] (IRQs 3 4 5 6 10 11 12 14 15) *0, disabled.",
            "12\u6708 16 10:42:53 amnesia kernel: ACPI: PCI Interrupt Link [LNKF] (IRQs 3 4 5 6 10 11 12 14 15) *0, disabled.",
            "12\u6708 16 10:42:53 amnesia kernel: ACPI: PCI Interrupt Link [LNKG] (IRQs 3 4 *5 6 10 11 12 14 15)",
            "12\u6708 16 10:42:53 amnesia kernel: ACPI: PCI Interrupt Link [LNKH] (IRQs 3 *4 5 6 10 11 12 14 15)",
            "12\u6708 16 10:42:53 amnesia kernel: iommu: Default domain type: Translated ",
            "12\u6708 16 10:42:53 amnesia kernel: pci 0000:00:02.0: vgaarb: setting as boot VGA device",
            "12\u6708 16 10:42:53 amnesia kernel: pci 0000:00:02.0: vgaarb: VGA device added: decodes=io+mem,owns=io+mem,locks=none",
            "12\u6708 16 10:42:53 amnesia kernel: pci 0000:00:02.0: vgaarb: bridge control possible",
            "12\u6708 16 10:42:53 amnesia kernel: vgaarb: loaded",
            "12\u6708 16 10:42:53 amnesia kernel: EDAC MC: Ver: 3.0.0",
            "12\u6708 16 10:42:53 amnesia kernel: Registered efivars operations",
            "12\u6708 16 10:42:53 amnesia kernel: NetLabel: Initializing",
            "12\u6708 16 10:42:53 amnesia kernel: NetLabel:  domain hash size = 128",
            "12\u6708 16 10:42:53 amnesia kernel: NetLabel:  protocols = UNLABELED CIPSOv4 CALIPSO",
            "12\u6708 16 10:42:53 amnesia kernel: NetLabel:  unlabeled traffic allowed by default",
            "12\u6708 16 10:42:53 amnesia kernel: PCI: Using ACPI for IRQ routing",
            "12\u6708 16 10:42:53 amnesia kernel: PCI: pci_cache_line_size set to 64 bytes",
            "12\u6708 16 10:42:53 amnesia kernel: e820: reserve RAM buffer [mem 0x00058000-0x0005ffff]",
            "12\u6708 16 10:42:53 amnesia kernel: e820: reserve RAM buffer [mem 0x0009f000-0x0009ffff]",
            "12\u6708 16 10:42:53 amnesia kernel: e820: reserve RAM buffer [mem 0xcaf39000-0xcbffffff]",
            "12\u6708 16 10:42:53 amnesia kernel: e820: reserve RAM buffer [mem 0xcb36b000-0xcbffffff]",
            "12\u6708 16 10:42:53 amnesia kernel: e820: reserve RAM buffer [mem 0xcf148000-0xcfffffff]",
            "12\u6708 16 10:42:53 amnesia kernel: e820: reserve RAM buffer [mem 0xda86c000-0xdbffffff]",
            "12\u6708 16 10:42:53 amnesia kernel: e820: reserve RAM buffer [mem 0x21fe00000-0x21fffffff]",
            "12\u6708 16 10:42:53 amnesia kernel: hpet0: at MMIO 0xfed00000, IRQs 2, 8, 0, 0, 0, 0, 0, 0",
            "12\u6708 16 10:42:53 amnesia kernel: hpet0: 8 comparators, 64-bit 14.318180 MHz counter",
            "12\u6708 16 10:42:53 amnesia kernel: clocksource: Switched to clocksource tsc-early",
            "12\u6708 16 10:42:53 amnesia kernel: VFS: Disk quotas dquot_6.6.0",
            "12\u6708 16 10:42:53 amnesia kernel: VFS: Dquot-cache hash table entries: 512 (order 0, 4096 bytes)",
            "12\u6708 16 10:42:53 amnesia kernel: AppArmor: AppArmor Filesystem Enabled",
            "12\u6708 16 10:42:53 amnesia kernel: pnp: PnP ACPI init",
            "12\u6708 16 10:42:53 amnesia kernel: system 00:00: [mem 0xfed40000-0xfed44fff] has been reserved",
            "12\u6708 16 10:42:53 amnesia kernel: system 00:00: Plug and Play ACPI device, IDs PNP0c01 (active)",
            "12\u6708 16 10:42:53 amnesia kernel: system 00:01: [io  0x0680-0x069f] has been reserved",
            "12\u6708 16 10:42:53 amnesia kernel: system 00:01: [io  0xffff] has been reserved",
            "12\u6708 16 10:42:53 amnesia kernel: system 00:01: [io  0xffff] has been reserved",
            "12\u6708 16 10:42:53 amnesia kernel: system 00:01: [io  0xffff] has been reserved",
            "12\u6708 16 10:42:53 amnesia kernel: system 00:01: [io  0x1c00-0x1cfe] has been reserved",
            "12\u6708 16 10:42:53 amnesia kernel: system 00:01: [io  0x1d00-0x1dfe] has been reserved",
            "12\u6708 16 10:42:53 amnesia kernel: system 00:01: [io  0x1e00-0x1efe] has been reserved",
            "12\u6708 16 10:42:53 amnesia kernel: system 00:01: [io  0x1f00-0x1ffe] has been reserved",
            "12\u6708 16 10:42:53 amnesia kernel: system 00:01: [io  0x1800-0x18fe] has been reserved",
            "12\u6708 16 10:42:53 amnesia kernel: system 00:01: [io  0x164e-0x164f] has been reserved",
            "12\u6708 16 10:42:53 amnesia kernel: system 00:01: Plug and Play ACPI device, IDs PNP0c02 (active)",
            "12\u6708 16 10:42:53 amnesia kernel: pnp 00:02: Plug and Play ACPI device, IDs PNP0b00 (active)",
            "12\u6708 16 10:42:53 amnesia kernel: system 00:03: [io  0x1854-0x1857] has been reserved",
            "12\u6708 16 10:42:53 amnesia kernel: system 00:03: Plug and Play ACPI device, IDs INT3f0d PNP0c02 (active)",
            "12\u6708 16 10:42:53 amnesia kernel: system 00:04: [io  0x04d0-0x04d1] has been reserved",
            "12\u6708 16 10:42:53 amnesia kernel: system 00:04: [mem 0xfe800000-0xfe802fff] has been reserved",
            "12\u6708 16 10:42:53 amnesia kernel: system 00:04: Plug and Play ACPI device, IDs PNP0c02 (active)",
            "12\u6708 16 10:42:53 amnesia kernel: pnp 00:05: Plug and Play ACPI device, IDs PNP0303 (active)",
            "12\u6708 16 10:42:53 amnesia kernel: system 00:06: [mem 0xfe102000-0xfe102fff] has been reserved",
            "12\u6708 16 10:42:53 amnesia kernel: system 00:06: [mem 0xfe104000-0xfe104fff] has been reserved",
            "12\u6708 16 10:42:53 amnesia kernel: system 00:06: [mem 0xfe106000-0xfe106fff] has been reserved",
            "12\u6708 16 10:42:53 amnesia kernel: system 00:06: [mem 0xfe10c000-0xfe10cfff] has been reserved",
            "12\u6708 16 10:42:53 amnesia kernel: system 00:06: [mem 0xfe10e000-0xfe10efff] has been reserved",
            "12\u6708 16 10:42:53 amnesia kernel: system 00:06: [mem 0xfe112000-0xfe112fff] has been reserved",
            "12\u6708 16 10:42:53 amnesia kernel: system 00:06: [mem 0xfe111000-0xfe111007] has been reserved",
            "12\u6708 16 10:42:53 amnesia kernel: system 00:06: [mem 0xfe111014-0xfe111fff] has been reserved",
            "12\u6708 16 10:42:53 amnesia kernel: system 00:06: Plug and Play ACPI device, IDs PNP0c02 (active)",
            "12\u6708 16 10:42:53 amnesia kernel: system 00:07: [mem 0xfed1c000-0xfed1ffff] has been reserved",
            "12\u6708 16 10:42:53 amnesia kernel: system 00:07: [mem 0xfed10000-0xfed17fff] has been reserved",
            "12\u6708 16 10:42:53 amnesia kernel: system 00:07: [mem 0xfed18000-0xfed18fff] has been reserved",
            "12\u6708 16 10:42:53 amnesia kernel: system 00:07: [mem 0xfed19000-0xfed19fff] has been reserved",
            "12\u6708 16 10:42:53 amnesia kernel: system 00:07: [mem 0xf8000000-0xfbffffff] has been reserved",
            "12\u6708 16 10:42:53 amnesia kernel: system 00:07: [mem 0xfed20000-0xfed3ffff] has been reserved",
            "12\u6708 16 10:42:53 amnesia kernel: system 00:07: [mem 0xfed90000-0xfed93fff] has been reserved",
            "12\u6708 16 10:42:53 amnesia kernel: system 00:07: [mem 0xfed45000-0xfed8ffff] has been reserved",
            "12\u6708 16 10:42:53 amnesia kernel: system 00:07: [mem 0xff000000-0xffffffff] has been reserved",
            "12\u6708 16 10:42:53 amnesia kernel: system 00:07: [mem 0xfee00000-0xfeefffff] could not be reserved",
            "12\u6708 16 10:42:53 amnesia kernel: system 00:07: [mem 0xf7fee000-0xf7feefff] has been reserved",
            "12\u6708 16 10:42:53 amnesia kernel: system 00:07: [mem 0xf7fd0000-0xf7fdffff] has been reserved",
            "12\u6708 16 10:42:53 amnesia kernel: system 00:07: Plug and Play ACPI device, IDs PNP0c02 (active)",
            "12\u6708 16 10:42:53 amnesia kernel: pnp: PnP ACPI: found 8 devices",
            "12\u6708 16 10:42:53 amnesia kernel: clocksource: acpi_pm: mask: 0xffffff max_cycles: 0xffffff, max_idle_ns: 2085701024 ns",
            "12\u6708 16 10:42:53 amnesia kernel: NET: Registered protocol family 2",
            "12\u6708 16 10:42:53 amnesia kernel: tcp_listen_portaddr_hash hash table entries: 4096 (order: 4, 65536 bytes, linear)",
            "12\u6708 16 10:42:53 amnesia kernel: TCP established hash table entries: 65536 (order: 7, 524288 bytes, linear)",
            "12\u6708 16 10:42:53 amnesia kernel: TCP bind hash table entries: 65536 (order: 8, 1048576 bytes, linear)",
            "12\u6708 16 10:42:53 amnesia kernel: TCP: Hash tables configured (established 65536 bind 65536)",
            "12\u6708 16 10:42:53 amnesia kernel: UDP hash table entries: 4096 (order: 5, 131072 bytes, linear)",
            "12\u6708 16 10:42:53 amnesia kernel: UDP-Lite hash table entries: 4096 (order: 5, 131072 bytes, linear)",
            "12\u6708 16 10:42:53 amnesia kernel: NET: Registered protocol family 1",
            "12\u6708 16 10:42:53 amnesia kernel: NET: Registered protocol family 44",
            "12\u6708 16 10:42:53 amnesia kernel: pci 0000:00:1c.0: PCI bridge to [bus 04]",
            "12\u6708 16 10:42:53 amnesia kernel: pci 0000:00:1c.2: PCI bridge to [bus 06]",
            "12\u6708 16 10:42:53 amnesia kernel: pci 0000:00:1c.2:   bridge window [mem 0xf7d00000-0xf7dfffff]",
            "12\u6708 16 10:42:53 amnesia kernel: pci 0000:00:1c.3: PCI bridge to [bus 07]",
            "12\u6708 16 10:42:53 amnesia kernel: pci 0000:00:1c.3:   bridge window [io  0xe000-0xefff]",
            "12\u6708 16 10:42:53 amnesia kernel: pci 0000:00:1c.3:   bridge window [mem 0xf7c00000-0xf7cfffff]",
            "12\u6708 16 10:42:53 amnesia kernel: pci 0000:00:1c.3:   bridge window [mem 0xf0000000-0xf00fffff 64bit pref]",
            "12\u6708 16 10:42:53 amnesia kernel: pci_bus 0000:00: resource 4 [io  0x0000-0x0cf7 window]",
            "12\u6708 16 10:42:53 amnesia kernel: pci_bus 0000:00: resource 5 [io  0x0d00-0xffff window]",
            "12\u6708 16 10:42:53 amnesia kernel: pci_bus 0000:00: resource 6 [mem 0x000a0000-0x000bffff window]",
            "12\u6708 16 10:42:53 amnesia kernel: pci_bus 0000:00: resource 7 [mem 0x000d0000-0x000d3fff window]",
            "12\u6708 16 10:42:53 amnesia kernel: pci_bus 0000:00: resource 8 [mem 0x000d4000-0x000d7fff window]",
            "12\u6708 16 10:42:53 amnesia kernel: pci_bus 0000:00: resource 9 [mem 0x000d8000-0x000dbfff window]",
            "12\u6708 16 10:42:53 amnesia kernel: pci_bus 0000:00: resource 10 [mem 0x000dc000-0x000dffff window]",
            "12\u6708 16 10:42:53 amnesia kernel: pci_bus 0000:00: resource 11 [mem 0xdf200000-0xfeafffff window]",
            "12\u6708 16 10:42:53 amnesia kernel: pci_bus 0000:06: resource 1 [mem 0xf7d00000-0xf7dfffff]",
            "12\u6708 16 10:42:53 amnesia kernel: pci_bus 0000:07: resource 0 [io  0xe000-0xefff]",
            "12\u6708 16 10:42:53 amnesia kernel: pci_bus 0000:07: resource 1 [mem 0xf7c00000-0xf7cfffff]",
            "12\u6708 16 10:42:53 amnesia kernel: pci_bus 0000:07: resource 2 [mem 0xf0000000-0xf00fffff 64bit pref]",
            "12\u6708 16 10:42:53 amnesia kernel: pci 0000:00:02.0: Video device with shadowed ROM at [mem 0x000c0000-0x000dffff]",
            "12\u6708 16 10:42:53 amnesia kernel: pci 0000:00:1d.0: quirk_usb_early_handoff+0x0/0x6ad took 24118 usecs",
            "12\u6708 16 10:42:53 amnesia kernel: PCI: CLS 64 bytes, default 64",
            "12\u6708 16 10:42:53 amnesia kernel: Trying to unpack rootfs image as initramfs...",
            "12\u6708 16 10:42:53 amnesia kernel: Freeing initrd memory: 31004K",
            "12\u6708 16 10:42:53 amnesia kernel: PCI-DMA: Using software bounce buffering for IO (SWIOTLB)",
            "12\u6708 16 10:42:53 amnesia kernel: software IO TLB: mapped [mem 0xc6f39000-0xcaf39000] (64MB)",
            "12\u6708 16 10:42:53 amnesia kernel: Initialise system trusted keyrings",
            "12\u6708 16 10:42:53 amnesia kernel: Key type blacklist registered",
            "12\u6708 16 10:42:53 amnesia kernel: workingset: timestamp_bits=40 max_order=21 bucket_order=0",
            "12\u6708 16 10:42:53 amnesia kernel: zbud: loaded",
            "12\u6708 16 10:42:53 amnesia kernel: integrity: Platform Keyring initialized",
            "12\u6708 16 10:42:53 amnesia kernel: Key type asymmetric registered",
            "12\u6708 16 10:42:53 amnesia kernel: Asymmetric key parser 'x509' registered",
            "12\u6708 16 10:42:53 amnesia kernel: Block layer SCSI generic (bsg) driver version 0.4 loaded (major 251)",
            "12\u6708 16 10:42:53 amnesia kernel: io scheduler mq-deadline registered",
            "12\u6708 16 10:42:53 amnesia kernel: shpchp: Standard Hot Plug PCI Controller Driver version: 0.4",
            "12\u6708 16 10:42:53 amnesia kernel: efifb: probing for efifb",
            "12\u6708 16 10:42:53 amnesia kernel: efifb: framebuffer at 0xe0000000, using 4160k, total 4160k",
            "12\u6708 16 10:42:53 amnesia kernel: efifb: mode is 1366x768x32, linelength=5504, pages=1",
